Component: Arm Compiler for Embedded 6.19 Tool: armlink [5e73cb00]

==============================================================================

Section Cross References

    startup_stm32f072xb.o(STACK) refers (Special) to heapauxi.o(.text) for __use_two_region_memory
    startup_stm32f072xb.o(HEAP) refers (Special) to heapauxi.o(.text) for __use_two_region_memory
    startup_stm32f072xb.o(RESET) refers (Special) to heapauxi.o(.text) for __use_two_region_memory
    startup_stm32f072xb.o(RESET) refers to startup_stm32f072xb.o(STACK) for __initial_sp
    startup_stm32f072xb.o(RESET) refers to startup_stm32f072xb.o(.text) for Reset_Handler
    startup_stm32f072xb.o(RESET) refers to stm32f0xx_it.o(.text.NMI_Handler) for NMI_Handler
    startup_stm32f072xb.o(RESET) refers to stm32f0xx_it.o(.text.HardFault_Handler) for HardFault_Handler
    startup_stm32f072xb.o(RESET) refers to stm32f0xx_it.o(.text.SVC_Handler) for SVC_Handler
    startup_stm32f072xb.o(RESET) refers to stm32f0xx_it.o(.text.PendSV_Handler) for PendSV_Handler
    startup_stm32f072xb.o(RESET) refers to stm32f0xx_it.o(.text.SysTick_Handler) for SysTick_Handler
    startup_stm32f072xb.o(RESET) refers to stm32f0xx_it.o(.text.TIM2_IRQHandler) for TIM2_IRQHandler
    startup_stm32f072xb.o(RESET) refers to stm32f0xx_it.o(.text.TIM3_IRQHandler) for TIM3_IRQHandler
    startup_stm32f072xb.o(RESET) refers to stm32f0xx_it.o(.text.SPI1_IRQHandler) for SPI1_IRQHandler
    startup_stm32f072xb.o(RESET) refers to stm32f0xx_it.o(.text.SPI2_IRQHandler) for SPI2_IRQHandler
    startup_stm32f072xb.o(.text) refers (Special) to heapauxi.o(.text) for __use_two_region_memory
    startup_stm32f072xb.o(.text) refers to system_stm32f0xx.o(.text.SystemInit) for SystemInit
    startup_stm32f072xb.o(.text) refers to __main.o(!!!main) for __main
    startup_stm32f072xb.o(.text) refers to startup_stm32f072xb.o(HEAP) for Heap_Mem
    startup_stm32f072xb.o(.text) refers to startup_stm32f072xb.o(STACK) for Stack_Mem
    functions.o(.text.write_pixel) refers to lcd_nhl.o(.text.set_cursor) for set_cursor
    functions.o(.text.write_pixel) refers to lcd_nhl.o(.text.Set_Write_RAM_12864) for Set_Write_RAM_12864
    functions.o(.text.write_pixel) refers to lcd_nhl.o(.text.lcd_send_data) for lcd_send_data
    functions.o(.ARM.exidx.text.write_pixel) refers to functions.o(.text.write_pixel) for [Anonymous Symbol]
    functions.o(.text.write_char) refers to lcd_nhl.o(.text.lcd_send_data) for lcd_send_data
    functions.o(.text.write_char) refers to lcd_nhl.o(.text.set_cursor) for set_cursor
    functions.o(.text.write_char) refers to lcd_nhl.o(.text.Set_Write_RAM_12864) for Set_Write_RAM_12864
    functions.o(.text.write_char) refers to functions.o(.rodata.font) for font
    functions.o(.ARM.exidx.text.write_char) refers to functions.o(.text.write_char) for [Anonymous Symbol]
    functions.o(.text.write_text) refers to functions.o(.text.write_char) for write_char
    functions.o(.text.write_text) refers to lcd_nhl.o(.text.Clear_text_Back) for Clear_text_Back
    functions.o(.ARM.exidx.text.write_text) refers to functions.o(.text.write_text) for [Anonymous Symbol]
    lcd_nhl.o(.text.lcd_send_cmd) refers to spi.o(.text.CS2_RESET) for CS2_RESET
    lcd_nhl.o(.text.lcd_send_cmd) refers to stm32f0xx_hal_spi.o(.text.HAL_SPI_Transmit) for HAL_SPI_Transmit
    lcd_nhl.o(.text.lcd_send_cmd) refers to spi.o(.text.CS2_SET) for CS2_SET
    lcd_nhl.o(.text.lcd_send_cmd) refers to spi.o(.bss.hspi2) for hspi2
    lcd_nhl.o(.ARM.exidx.text.lcd_send_cmd) refers to lcd_nhl.o(.text.lcd_send_cmd) for [Anonymous Symbol]
    lcd_nhl.o(.text.lcd_send_data) refers to spi.o(.text.CS2_RESET) for CS2_RESET
    lcd_nhl.o(.text.lcd_send_data) refers to stm32f0xx_hal_spi.o(.text.HAL_SPI_Transmit) for HAL_SPI_Transmit
    lcd_nhl.o(.text.lcd_send_data) refers to spi.o(.text.CS2_SET) for CS2_SET
    lcd_nhl.o(.text.lcd_send_data) refers to spi.o(.bss.hspi2) for hspi2
    lcd_nhl.o(.ARM.exidx.text.lcd_send_data) refers to lcd_nhl.o(.text.lcd_send_data) for [Anonymous Symbol]
    lcd_nhl.o(.text.Set_Column_Address_12864) refers to spi.o(.text.CS2_RESET) for CS2_RESET
    lcd_nhl.o(.text.Set_Column_Address_12864) refers to stm32f0xx_hal_spi.o(.text.HAL_SPI_Transmit) for HAL_SPI_Transmit
    lcd_nhl.o(.text.Set_Column_Address_12864) refers to spi.o(.text.CS2_SET) for CS2_SET
    lcd_nhl.o(.text.Set_Column_Address_12864) refers to spi.o(.bss.hspi2) for hspi2
    lcd_nhl.o(.ARM.exidx.text.Set_Column_Address_12864) refers to lcd_nhl.o(.text.Set_Column_Address_12864) for [Anonymous Symbol]
    lcd_nhl.o(.text.Set_Row_Address_12864) refers to spi.o(.text.CS2_RESET) for CS2_RESET
    lcd_nhl.o(.text.Set_Row_Address_12864) refers to stm32f0xx_hal_spi.o(.text.HAL_SPI_Transmit) for HAL_SPI_Transmit
    lcd_nhl.o(.text.Set_Row_Address_12864) refers to spi.o(.text.CS2_SET) for CS2_SET
    lcd_nhl.o(.text.Set_Row_Address_12864) refers to spi.o(.bss.hspi2) for hspi2
[...]
    Removing stm32f0xx_hal_tim.o(.text.HAL_TIM_Encoder_Stop_IT), (184 bytes).
    Removing stm32f0xx_hal_tim.o(.ARM.exidx.text.HAL_TIM_Encoder_Stop_IT), (8 bytes).
    Removing stm32f0xx_hal_tim.o(.text.HAL_TIM_Encoder_Start_DMA), (536 bytes).
    Removing stm32f0xx_hal_tim.o(.ARM.exidx.text.HAL_TIM_Encoder_Start_DMA), (8 bytes).
    Removing stm32f0xx_hal_tim.o(.text.HAL_TIM_Encoder_Stop_DMA), (216 bytes).
    Removing stm32f0xx_hal_tim.o(.ARM.exidx.text.HAL_TIM_Encoder_Stop_DMA), (8 bytes).
    Removing stm32f0xx_hal_tim.o(.ARM.exidx.text.HAL_TIM_IRQHandler), (8 bytes).
    Removing stm32f0xx_hal_tim.o(.text.HAL_TIM_IC_CaptureCallback), (2 bytes).
    Removing stm32f0xx_hal_tim.o(.ARM.exidx.text.HAL_TIM_IC_CaptureCallback), (8 bytes).
    Removing stm32f0xx_hal_tim.o(.ARM.exidx.text.HAL_TIM_OC_DelayElapsedCallback), (8 bytes).
    Removing stm32f0xx_hal_tim.o(.ARM.exidx.text.HAL_TIM_PWM_PulseFinishedCallback), (8 bytes).
    Removing stm32f0xx_hal_tim.o(.text.HAL_TIM_PeriodElapsedCallback), (2 bytes).
    Removing stm32f0xx_hal_tim.o(.ARM.exidx.text.HAL_TIM_PeriodElapsedCallback), (8 bytes).
    Removing stm32f0xx_hal_tim.o(.ARM.exidx.text.HAL_TIM_TriggerCallback), (8 bytes).
    Removing stm32f0xx_hal_tim.o(.text.HAL_TIM_OC_ConfigChannel), (544 bytes).
    Removing stm32f0xx_hal_tim.o(.ARM.exidx.text.HAL_TIM_OC_ConfigChannel), (8 bytes).
    Removing stm32f0xx_hal_tim.o(.text.TIM_OC2_SetConfig), (128 bytes).
    Removing stm32f0xx_hal_tim.o(.ARM.exidx.text.TIM_OC2_SetConfig), (8 bytes).
    Removing stm32f0xx_hal_tim.o(.ARM.exidx.text.HAL_TIM_IC_ConfigChannel), (8 bytes).
    Removing stm32f0xx_hal_tim.o(.text.TIM_TI1_SetConfig), (96 bytes).
    Removing stm32f0xx_hal_tim.o(.ARM.exidx.text.TIM_TI1_SetConfig), (8 bytes).
    Removing stm32f0xx_hal_tim.o(.text.HAL_TIM_PWM_ConfigChannel), (656 bytes).
    Removing stm32f0xx_hal_tim.o(.ARM.exidx.text.HAL_TIM_PWM_ConfigChannel), (8 bytes).
    Removing stm32f0xx_hal_tim.o(.text.HAL_TIM_OnePulse_ConfigChannel), (548 bytes).
    Removing stm32f0xx_hal_tim.o(.ARM.exidx.text.HAL_TIM_OnePulse_ConfigChannel), (8 bytes).
    Removing stm32f0xx_hal_tim.o(.text.HAL_TIM_DMABurst_WriteStart), (22 bytes).
    Removing stm32f0xx_hal_tim.o(.ARM.exidx.text.HAL_TIM_DMABurst_WriteStart), (8 bytes).
    Removing stm32f0xx_hal_tim.o(.text.HAL_TIM_DMABurst_MultiWriteStart), (360 bytes).
    Removing stm32f0xx_hal_tim.o(.ARM.exidx.text.HAL_TIM_DMABurst_MultiWriteStart), (8 bytes).
    Removing stm32f0xx_hal_tim.o(.text.TIM_DMATriggerCplt), (30 bytes).
    Removing stm32f0xx_hal_tim.o(.ARM.exidx.text.TIM_DMATriggerCplt), (8 bytes).
    Removing stm32f0xx_hal_tim.o(.text.TIM_DMATriggerHalfCplt), (10 bytes).
    Removing stm32f0xx_hal_tim.o(.ARM.exidx.text.TIM_DMATriggerHalfCplt), (8 bytes).
    Removing stm32f0xx_hal_tim.o(.text.HAL_TIM_DMABurst_WriteStop), (140 bytes).
    Removing stm32f0xx_hal_tim.o(.ARM.exidx.text.HAL_TIM_DMABurst_WriteStop), (8 bytes).
    Removing stm32f0xx_hal_tim.o(.text.HAL_TIM_DMABurst_ReadStart), (22 bytes).
    Removing stm32f0xx_hal_tim.o(.ARM.exidx.text.HAL_TIM_DMABurst_ReadStart), (8 bytes).
    Removing stm32f0xx_hal_tim.o(.text.HAL_TIM_DMABurst_MultiReadStart), (360 bytes).
    Removing stm32f0xx_hal_tim.o(.ARM.exidx.text.HAL_TIM_DMABurst_MultiReadStart), (8 bytes).
    Removing stm32f0xx_hal_tim.o(.text.HAL_TIM_DMABurst_ReadStop), (140 bytes).
    Removing stm32f0xx_hal_tim.o(.ARM.exidx.text.HAL_TIM_DMABurst_ReadStop), (8 bytes).
    Removing stm32f0xx_hal_tim.o(.text.HAL_TIM_GenerateEvent), (34 bytes).
    Removing stm32f0xx_hal_tim.o(.ARM.exidx.text.HAL_TIM_GenerateEvent), (8 bytes).
    Removing stm32f0xx_hal_tim.o(.text.HAL_TIM_ConfigOCrefClear), (244 bytes).
    Removing stm32f0xx_hal_tim.o(.ARM.exidx.text.HAL_TIM_ConfigOCrefClear), (8 bytes).
    Removing stm32f0xx_hal_tim.o(.text.TIM_ETR_SetConfig), (22 bytes).
    Removing stm32f0xx_hal_tim.o(.ARM.exidx.text.TIM_ETR_SetConfig), (8 bytes).
    Removing stm32f0xx_hal_tim.o(.ARM.exidx.text.HAL_TIM_ConfigClockSource), (8 bytes).
    Removing stm32f0xx_hal_tim.o(.text.HAL_TIM_ConfigTI1Input), (16 bytes).
    Removing stm32f0xx_hal_tim.o(.ARM.exidx.text.HAL_TIM_ConfigTI1Input), (8 bytes).
    Removing stm32f0xx_hal_tim.o(.text.HAL_TIM_SlaveConfigSynchro), (78 bytes).
    Removing stm32f0xx_hal_tim.o(.ARM.exidx.text.HAL_TIM_SlaveConfigSynchro), (8 bytes).
    Removing stm32f0xx_hal_tim.o(.text.TIM_SlaveTimer_SetConfig), (192 bytes).
    Removing stm32f0xx_hal_tim.o(.ARM.exidx.text.TIM_SlaveTimer_SetConfig), (8 bytes).
    Removing stm32f0xx_hal_tim.o(.text.HAL_TIM_SlaveConfigSynchro_IT), (78 bytes).
    Removing stm32f0xx_hal_tim.o(.ARM.exidx.text.HAL_TIM_SlaveConfigSynchro_IT), (8 bytes).
    Removing stm32f0xx_hal_tim.o(.text.HAL_TIM_ReadCapturedValue), (56 bytes).
    Removing stm32f0xx_hal_tim.o(.ARM.exidx.text.HAL_TIM_ReadCapturedValue), (8 bytes).
    Removing stm32f0xx_hal_tim.o(.text.HAL_TIM_PeriodElapsedHalfCpltCallback), (2 bytes).
    Removing stm32f0xx_hal_tim.o(.ARM.exidx.text.HAL_TIM_PeriodElapsedHalfCpltCallback), (8 bytes).
    Removing stm32f0xx_hal_tim.o(.text.HAL_TIM_IC_CaptureHalfCpltCallback), (2 bytes).
    Removing stm32f0xx_hal_tim.o(.ARM.exidx.text.HAL_TIM_IC_CaptureHalfCpltCallback), (8 bytes).
    Removing stm32f0xx_hal_tim.o(.text.HAL_TIM_PWM_PulseFinishedHalfCpltCallback), (2 bytes).
    Removing stm32f0xx_hal_tim.o(.ARM.exidx.text.HAL_TIM_PWM_PulseFinishedHalfCpltCallback), (8 bytes).
    Removing stm32f0xx_hal_tim.o(.text.HAL_TIM_TriggerHalfCpltCallback), (2 bytes).
    Removing stm32f0xx_hal_tim.o(.ARM.exidx.text.HAL_TIM_TriggerHalfCpltCallback), (8 bytes).
    Removing stm32f0xx_hal_tim.o(.text.HAL_TIM_ErrorCallback), (2 bytes).
    Removing stm32f0xx_hal_tim.o(.ARM.exidx.text.HAL_TIM_ErrorCallback), (8 bytes).
    Removing stm32f0xx_hal_tim.o(.text.HAL_TIM_Base_GetState), (6 bytes).
    Removing stm32f0xx_hal_tim.o(.ARM.exidx.text.HAL_TIM_Base_GetState), (8 bytes).
    Removing stm32f0xx_hal_tim.o(.text.HAL_TIM_OC_GetState), (6 bytes).
    Removing stm32f0xx_hal_tim.o(.ARM.exidx.text.HAL_TIM_OC_GetState), (8 bytes).
    Removing stm32f0xx_hal_tim.o(.text.HAL_TIM_PWM_GetState), (6 bytes).
    Removing stm32f0xx_hal_tim.o(.ARM.exidx.text.HAL_TIM_PWM_GetState), (8 bytes).
    Removing stm32f0xx_hal_tim.o(.text.HAL_TIM_IC_GetState), (6 bytes).
    Removing stm32f0xx_hal_tim.o(.ARM.exidx.text.HAL_TIM_IC_GetState), (8 bytes).
    Removing stm32f0xx_hal_tim.o(.text.HAL_TIM_OnePulse_GetState), (6 bytes).
    Removing stm32f0xx_hal_tim.o(.ARM.exidx.text.HAL_TIM_OnePulse_GetState), (8 bytes).
    Removing stm32f0xx_hal_tim.o(.text.HAL_TIM_Encoder_GetState), (6 bytes).
    Removing stm32f0xx_hal_tim.o(.ARM.exidx.text.HAL_TIM_Encoder_GetState), (8 bytes).
    Removing stm32f0xx_hal_tim.o(.text.HAL_TIM_GetActiveChannel), (4 bytes).
    Removing stm32f0xx_hal_tim.o(.ARM.exidx.text.HAL_TIM_GetActiveChannel), (8 bytes).
    Removing stm32f0xx_hal_tim.o(.text.HAL_TIM_GetChannelState), (32 bytes).
    Removing stm32f0xx_hal_tim.o(.ARM.exidx.text.HAL_TIM_GetChannelState), (8 bytes).
    Removing stm32f0xx_hal_tim.o(.text.HAL_TIM_DMABurstState), (6 bytes).
    Removing stm32f0xx_hal_tim.o(.ARM.exidx.text.HAL_TIM_DMABurstState), (8 bytes).
    Removing stm32f0xx_hal_tim_ex.o(.text), (0 bytes).
    Removing stm32f0xx_hal_tim_ex.o(.text.HAL_TIMEx_HallSensor_Init), (196 bytes).
    Removing stm32f0xx_hal_tim_ex.o(.ARM.exidx.text.HAL_TIMEx_HallSensor_Init), (8 bytes).
    Removing stm32f0xx_hal_tim_ex.o(.text.HAL_TIMEx_HallSensor_MspInit), (2 bytes).
    Removing stm32f0xx_hal_tim_ex.o(.ARM.exidx.text.HAL_TIMEx_HallSensor_MspInit), (8 bytes).
    Removing stm32f0xx_hal_tim_ex.o(.text.HAL_TIMEx_HallSensor_DeInit), (72 bytes).
    Removing stm32f0xx_hal_tim_ex.o(.ARM.exidx.text.HAL_TIMEx_HallSensor_DeInit), (8 bytes).
    Removing stm32f0xx_hal_tim_ex.o(.text.HAL_TIMEx_HallSensor_MspDeInit), (2 bytes).
    Removing stm32f0xx_hal_tim_ex.o(.ARM.exidx.text.HAL_TIMEx_HallSensor_MspDeInit), (8 bytes).
    Removing stm32f0xx_hal_tim_ex.o(.text.HAL_TIMEx_HallSensor_Start), (132 bytes).
    Removing stm32f0xx_hal_tim_ex.o(.ARM.exidx.text.HAL_TIMEx_HallSensor_Start), (8 bytes).
    Removing stm32f0xx_hal_tim_ex.o(.text.HAL_TIMEx_HallSensor_Stop), (64 bytes).
    Removing stm32f0xx_hal_tim_ex.o(.ARM.exidx.text.HAL_TIMEx_HallSensor_Stop), (8 bytes).
    Removing stm32f0xx_hal_tim_ex.o(.text.HAL_TIMEx_HallSensor_Start_IT), (140 bytes).
    Removing stm32f0xx_hal_tim_ex.o(.ARM.exidx.text.HAL_TIMEx_HallSensor_Start_IT), (8 bytes).
    Removing stm32f0xx_hal_tim_ex.o(.text.HAL_TIMEx_HallSensor_Stop_IT), (72 bytes).
    Removing stm32f0xx_hal_tim_ex.o(.ARM.exidx.text.HAL_TIMEx_HallSensor_Stop_IT), (8 bytes).
    Removing stm32f0xx_hal_tim_ex.o(.text.HAL_TIMEx_HallSensor_Start_DMA), (204 bytes).
    Removing stm32f0xx_hal_tim_ex.o(.ARM.exidx.text.HAL_TIMEx_HallSensor_Start_DMA), (8 bytes).
    Removing stm32f0xx_hal_tim_ex.o(.text.HAL_TIMEx_HallSensor_Stop_DMA), (84 bytes).
    Removing stm32f0xx_hal_tim_ex.o(.ARM.exidx.text.HAL_TIMEx_HallSensor_Stop_DMA), (8 bytes).
    Removing stm32f0xx_hal_tim_ex.o(.text.HAL_TIMEx_OCN_Start), (184 bytes).
    Removing stm32f0xx_hal_tim_ex.o(.ARM.exidx.text.HAL_TIMEx_OCN_Start), (8 bytes).
    Removing stm32f0xx_hal_tim_ex.o(.text.HAL_TIMEx_OCN_Stop), (132 bytes).
    Removing stm32f0xx_hal_tim_ex.o(.ARM.exidx.text.HAL_TIMEx_OCN_Stop), (8 bytes).
    Removing stm32f0xx_hal_tim_ex.o(.text.HAL_TIMEx_OCN_Start_IT), (224 bytes).
    Removing stm32f0xx_hal_tim_ex.o(.ARM.exidx.text.HAL_TIMEx_OCN_Start_IT), (8 bytes).
    Removing stm32f0xx_hal_tim_ex.o(.text.HAL_TIMEx_OCN_Stop_IT), (184 bytes).
    Removing stm32f0xx_hal_tim_ex.o(.ARM.exidx.text.HAL_TIMEx_OCN_Stop_IT), (8 bytes).
    Removing stm32f0xx_hal_tim_ex.o(.text.HAL_TIMEx_OCN_Start_DMA), (396 bytes).
    Removing stm32f0xx_hal_tim_ex.o(.ARM.exidx.text.HAL_TIMEx_OCN_Start_DMA), (8 bytes).
    Removing stm32f0xx_hal_tim_ex.o(.text.TIM_DMADelayPulseNCplt), (104 bytes).
    Removing stm32f0xx_hal_tim_ex.o(.ARM.exidx.text.TIM_DMADelayPulseNCplt), (8 bytes).
    Removing stm32f0xx_hal_tim_ex.o(.text.TIM_DMAErrorCCxN), (64 bytes).
    Removing stm32f0xx_hal_tim_ex.o(.ARM.exidx.text.TIM_DMAErrorCCxN), (8 bytes).
    Removing stm32f0xx_hal_tim_ex.o(.text.HAL_TIMEx_OCN_Stop_DMA), (192 bytes).
    Removing stm32f0xx_hal_tim_ex.o(.ARM.exidx.text.HAL_TIMEx_OCN_Stop_DMA), (8 bytes).
    Removing stm32f0xx_hal_tim_ex.o(.text.HAL_TIMEx_PWMN_Start), (184 bytes).
    Removing stm32f0xx_hal_tim_ex.o(.ARM.exidx.text.HAL_TIMEx_PWMN_Start), (8 bytes).
    Removing stm32f0xx_hal_tim_ex.o(.text.HAL_TIMEx_PWMN_Stop), (132 bytes).
    Removing stm32f0xx_hal_tim_ex.o(.ARM.exidx.text.HAL_TIMEx_PWMN_Stop), (8 bytes).
    Removing stm32f0xx_hal_tim_ex.o(.text.HAL_TIMEx_PWMN_Start_IT), (224 bytes).
    Removing stm32f0xx_hal_tim_ex.o(.ARM.exidx.text.HAL_TIMEx_PWMN_Start_IT), (8 bytes).
    Removing stm32f0xx_hal_tim_ex.o(.text.HAL_TIMEx_PWMN_Stop_IT), (184 bytes).
    Removing stm32f0xx_hal_tim_ex.o(.ARM.exidx.text.HAL_TIMEx_PWMN_Stop_IT), (8 bytes).
    Removing stm32f0xx_hal_tim_ex.o(.text.HAL_TIMEx_PWMN_Start_DMA), (396 bytes).
    Removing stm32f0xx_hal_tim_ex.o(.ARM.exidx.text.HAL_TIMEx_PWMN_Start_DMA), (8 bytes).
    Removing stm32f0xx_hal_tim_ex.o(.text.HAL_TIMEx_PWMN_Stop_DMA), (192 bytes).
    Removing stm32f0xx_hal_tim_ex.o(.ARM.exidx.text.HAL_TIMEx_PWMN_Stop_DMA), (8 bytes).
    Removing stm32f0xx_hal_tim_ex.o(.text.HAL_TIMEx_OnePulseN_Start), (98 bytes).
    Removing stm32f0xx_hal_tim_ex.o(.ARM.exidx.text.HAL_TIMEx_OnePulseN_Start), (8 bytes).
    Removing stm32f0xx_hal_tim_ex.o(.text.HAL_TIMEx_OnePulseN_Stop), (120 bytes).
    Removing stm32f0xx_hal_tim_ex.o(.ARM.exidx.text.HAL_TIMEx_OnePulseN_Stop), (8 bytes).
    Removing stm32f0xx_hal_tim_ex.o(.text.HAL_TIMEx_OnePulseN_Start_IT), (110 bytes).
    Removing stm32f0xx_hal_tim_ex.o(.ARM.exidx.text.HAL_TIMEx_OnePulseN_Start_IT), (8 bytes).
    Removing stm32f0xx_hal_tim_ex.o(.text.HAL_TIMEx_OnePulseN_Stop_IT), (136 bytes).
    Removing stm32f0xx_hal_tim_ex.o(.ARM.exidx.text.HAL_TIMEx_OnePulseN_Stop_IT), (8 bytes).
    Removing stm32f0xx_hal_tim_ex.o(.text.HAL_TIMEx_ConfigCommutEvent), (86 bytes).
    Removing stm32f0xx_hal_tim_ex.o(.ARM.exidx.text.HAL_TIMEx_ConfigCommutEvent), (8 bytes).
    Removing stm32f0xx_hal_tim_ex.o(.text.HAL_TIMEx_ConfigCommutEvent_IT), (86 bytes).
    Removing stm32f0xx_hal_tim_ex.o(.ARM.exidx.text.HAL_TIMEx_ConfigCommutEvent_IT), (8 bytes).
    Removing stm32f0xx_hal_tim_ex.o(.text.HAL_TIMEx_ConfigCommutEvent_DMA), (120 bytes).
    Removing stm32f0xx_hal_tim_ex.o(.ARM.exidx.text.HAL_TIMEx_ConfigCommutEvent_DMA), (8 bytes).
    Removing stm32f0xx_hal_tim_ex.o(.text.TIMEx_DMACommutationCplt), (16 bytes).
    Removing stm32f0xx_hal_tim_ex.o(.ARM.exidx.text.TIMEx_DMACommutationCplt), (8 bytes).
    Removing stm32f0xx_hal_tim_ex.o(.text.TIMEx_DMACommutationHalfCplt), (16 bytes).
    Removing stm32f0xx_hal_tim_ex.o(.ARM.exidx.text.TIMEx_DMACommutationHalfCplt), (8 bytes).
    Removing stm32f0xx_hal_tim_ex.o(.ARM.exidx.text.HAL_TIMEx_MasterConfigSynchronization), (8 bytes).
    Removing stm32f0xx_hal_tim_ex.o(.text.HAL_TIMEx_ConfigBreakDeadTime), (90 bytes).
    Removing stm32f0xx_hal_tim_ex.o(.ARM.exidx.text.HAL_TIMEx_ConfigBreakDeadTime), (8 bytes).
    Removing stm32f0xx_hal_tim_ex.o(.text.HAL_TIMEx_RemapConfig), (28 bytes).
    Removing stm32f0xx_hal_tim_ex.o(.ARM.exidx.text.HAL_TIMEx_RemapConfig), (8 bytes).
    Removing stm32f0xx_hal_tim_ex.o(.ARM.exidx.text.HAL_TIMEx_CommutCallback), (8 bytes).
    Removing stm32f0xx_hal_tim_ex.o(.text.HAL_TIMEx_CommutHalfCpltCallback), (2 bytes).
    Removing stm32f0xx_hal_tim_ex.o(.ARM.exidx.text.HAL_TIMEx_CommutHalfCpltCallback), (8 bytes).
    Removing stm32f0xx_hal_tim_ex.o(.ARM.exidx.text.HAL_TIMEx_BreakCallback), (8 bytes).
    Removing stm32f0xx_hal_tim_ex.o(.text.HAL_TIMEx_HallSensor_GetState), (6 bytes).
    Removing stm32f0xx_hal_tim_ex.o(.ARM.exidx.text.HAL_TIMEx_HallSensor_GetState), (8 bytes).
    Removing stm32f0xx_hal_tim_ex.o(.text.HAL_TIMEx_GetChannelNState), (32 bytes).
    Removing stm32f0xx_hal_tim_ex.o(.ARM.exidx.text.HAL_TIMEx_GetChannelNState), (8 bytes).
    Removing system_stm32f0xx.o(.text), (0 bytes).
    Removing system_stm32f0xx.o(.ARM.exidx.text.SystemInit), (8 bytes).
    Removing system_stm32f0xx.o(.text.SystemCoreClockUpdate), (116 bytes).
    Removing system_stm32f0xx.o(.ARM.exidx.text.SystemCoreClockUpdate), (8 bytes).
    Removing system_stm32f0xx.o(.rodata.APBPrescTable), (8 bytes).

891 unused section(s) (total 53040 bytes) removed from the image.

==============================================================================

Image Symbol Table

    Local Symbols

    Symbol Name                              Value     Ov Type        Size  Object(Section)

    ../clib/angel/boardlib.s                 0x00000000   Number         0  boardinit1.o ABSOLUTE
    ../clib/angel/boardlib.s                 0x00000000   Number         0  boardinit2.o ABSOLUTE
    ../clib/angel/boardlib.s                 0x00000000   Number         0  boardinit3.o ABSOLUTE
    ../clib/angel/boardlib.s                 0x00000000   Number         0  boardshut.o ABSOLUTE
    ../clib/angel/handlers.s                 0x00000000   Number         0  __scatter_copy.o ABSOLUTE
    ../clib/angel/handlers.s                 0x00000000   Number         0  __scatter_zi.o ABSOLUTE
    ../clib/angel/kernel.s                   0x00000000   Number         0  __rtentry.o ABSOLUTE
    ../clib/angel/kernel.s                   0x00000000   Number         0  __rtentry2.o ABSOLUTE
    ../clib/angel/kernel.s                   0x00000000   Number         0  __rtentry4.o ABSOLUTE
    ../clib/angel/kernel.s                   0x00000000   Number         0  rtexit.o ABSOLUTE
    ../clib/angel/kernel.s                   0x00000000   Number         0  rtexit2.o ABSOLUTE
    ../clib/angel/rt.s                       0x00000000   Number         0  aeabi_idiv0.o ABSOLUTE
    ../clib/angel/rt.s                       0x00000000   Number         0  aeabi_idiv0_sigfpe.o ABSOLUTE
    ../clib/angel/rt.s                       0x00000000   Number         0  rt_div0.o ABSOLUTE
    ../clib/angel/rt.s                       0x00000000   Number         0  rt_raise.o ABSOLUTE
    ../clib/angel/scatterp.s                 0x00000000   Number         0  __scatter.o ABSOLUTE
    ../clib/angel/startup.s                  0x00000000   Number         0  __main.o ABSOLUTE
    ../clib/angel/sys.s                      0x00000000   Number         0  sys_stackheap_outer.o ABSOLUTE
    ../clib/angel/sys.s                      0x00000000   Number         0  libspace.o ABSOLUTE
    ../clib/angel/sys.s                      0x00000000   Number         0  tempstk.o ABSOLUTE
    ../clib/angel/sys.s                      0x00000000   Number         0  use_no_semi.o ABSOLUTE
    ../clib/angel/sys.s                      0x00000000   Number         0  indicate_semi.o ABSOLUTE
    ../clib/angel/sysapp.c                   0x00000000   Number         0  sys_exit.o ABSOLUTE
    ../clib/angel/sysapp.c                   0x00000000   Number         0  sys_exit_hlt.o ABSOLUTE
    ../clib/angel/sysapp.c                   0x00000000   Number         0  sys_wrch.o ABSOLUTE
    ../clib/angel/sysapp.c                   0x00000000   Number         0  sys_wrch_hlt.o ABSOLUTE
    ../clib/angel/sysapp.c                   0x00000000   Number         0  sys_command.o ABSOLUTE
    ../clib/angel/sysapp.c                   0x00000000   Number         0  sys_command_hlt.o ABSOLUTE
    ../clib/armsys.c                         0x00000000   Number         0  argv_veneer.o ABSOLUTE
    ../clib/armsys.c                         0x00000000   Number         0  _get_argv_nomalloc.o ABSOLUTE
    ../clib/armsys.c                         0x00000000   Number         0  no_argv.o ABSOLUTE
    ../clib/division.s                       0x00000000   Number         0  aeabi_sdivfast.o ABSOLUTE
    ../clib/division.s                       0x00000000   Number         0  aeabi_sdivfast_div0.o ABSOLUTE
    ../clib/heapalloc.c                      0x00000000   Number         0  hrguard.o ABSOLUTE
    ../clib/heapaux.c                        0x00000000   Number         0  heapauxi.o ABSOLUTE
    ../clib/libinit.s                        0x00000000   Number         0  libinit.o ABSOLUTE
    ../clib/libinit.s                        0x00000000   Number         0  libinit2.o ABSOLUTE
    ../clib/libinit.s                        0x00000000   Number         0  libshutdown.o ABSOLUTE
    ../clib/libinit.s                        0x00000000   Number         0  libshutdown2.o ABSOLUTE
    ../clib/longlong.c                       0x00000000   Number         0  llushr.o ABSOLUTE
    ../clib/signal.c                         0x00000000   Number         0  defsig_fpe_outer.o ABSOLUTE
    ../clib/signal.c                         0x00000000   Number         0  defsig_fpe_formal.o ABSOLUTE
    ../clib/signal.c                         0x00000000   Number         0  defsig_exit.o ABSOLUTE
    ../clib/signal.c                         0x00000000   Number         0  defsig_fpe_inner.o ABSOLUTE
    ../clib/signal.c                         0x00000000   Number         0  __raise.o ABSOLUTE
    ../clib/signal.c                         0x00000000   Number         0  defsig_general.o ABSOLUTE
    ../clib/signal.c                         0x00000000   Number         0  defsig_abrt_inner.o ABSOLUTE
    ../clib/signal.c                         0x00000000   Number         0  defsig_rtred_inner.o ABSOLUTE
    ../clib/signal.c                         0x00000000   Number         0  defsig_rtmem_inner.o ABSOLUTE
    ../clib/signal.c                         0x00000000   Number         0  defsig_rtmem_outer.o ABSOLUTE
    ../clib/signal.c                         0x00000000   Number         0  defsig_rtmem_formal.o ABSOLUTE
    ../clib/signal.c                         0x00000000   Number         0  defsig_stak_inner.o ABSOLUTE
    ../clib/signal.c                         0x00000000   Number         0  defsig_pvfn_inner.o ABSOLUTE
    ../clib/signal.c                         0x00000000   Number         0  defsig_cppl_inner.o ABSOLUTE
    ../clib/signal.c                         0x00000000   Number         0  defsig_segv_inner.o ABSOLUTE
    ../clib/signal.c                         0x00000000   Number         0  defsig_other.o ABSOLUTE
    ../clib/signal.s                         0x00000000   Number         0  defsig.o ABSOLUTE
    ../clib/stdlib.c                         0x00000000   Number         0  exit.o ABSOLUTE
    ../fplib/cfplib/daddsub.c                0x00000000   Number         0  daddsub.o ABSOLUTE
    ../fplib/cfplib/ddiv.c                   0x00000000   Number         0  ddiv.o ABSOLUTE
    ../fplib/cfplib/dmul.c                   0x00000000   Number         0  dmul.o ABSOLUTE
    ../fplib/cfplib/fflt.c                   0x00000000   Number         0  dflti.o ABSOLUTE
    ../fplib/cfplib/fpinit.c                 0x00000000   Number         0  fpinit.o ABSOLUTE
    ../fplib/usenofp.s                       0x00000000   Number         0  usenofp.o ABSOLUTE
    SPI.c                                    0x00000000   Number         0  spi.o ABSOLUTE
    dc.s                                     0x00000000   Number         0  dc.o ABSOLUTE
    fonts_ai.c                               0x00000000   Number         0  fonts_ai.o ABSOLUTE
    functions.c                              0x00000000   Number         0  functions.o ABSOLUTE
    lcd_nhl.c                                0x00000000   Number         0  lcd_nhl.o ABSOLUTE
    main.c                                   0x00000000   Number         0  main.o ABSOLUTE
    startup_stm32f072xb.s                    0x00000000   Number         0  startup_stm32f072xb.o ABSOLUTE
    stm32f0xx_hal.c                          0x00000000   Number         0  stm32f0xx_hal.o ABSOLUTE
    stm32f0xx_hal_cortex.c                   0x00000000   Number         0  stm32f0xx_hal_cortex.o ABSOLUTE
    stm32f0xx_hal_dma.c                      0x00000000   Number         0  stm32f0xx_hal_dma.o ABSOLUTE
    stm32f0xx_hal_exti.c                     0x00000000   Number         0  stm32f0xx_hal_exti.o ABSOLUTE
    stm32f0xx_hal_flash.c                    0x00000000   Number         0  stm32f0xx_hal_flash.o ABSOLUTE
    stm32f0xx_hal_flash_ex.c                 0x00000000   Number         0  stm32f0xx_hal_flash_ex.o ABSOLUTE
    stm32f0xx_hal_gpio.c                     0x00000000   Number         0  stm32f0xx_hal_gpio.o ABSOLUTE
    stm32f0xx_hal_i2c.c                      0x00000000   Number         0  stm32f0xx_hal_i2c.o ABSOLUTE
    stm32f0xx_hal_i2c_ex.c                   0x00000000   Number         0  stm32f0xx_hal_i2c_ex.o ABSOLUTE
    stm32f0xx_hal_msp.c                      0x00000000   Number         0  stm32f0xx_hal_msp.o ABSOLUTE
    stm32f0xx_hal_pwr.c                      0x00000000   Number         0  stm32f0xx_hal_pwr.o ABSOLUTE
    stm32f0xx_hal_pwr_ex.c                   0x00000000   Number         0  stm32f0xx_hal_pwr_ex.o ABSOLUTE
    stm32f0xx_hal_rcc.c                      0x00000000   Number         0  stm32f0xx_hal_rcc.o ABSOLUTE
    stm32f0xx_hal_rcc_ex.c                   0x00000000   Number         0  stm32f0xx_hal_rcc_ex.o ABSOLUTE
    stm32f0xx_hal_spi.c                      0x00000000   Number         0  stm32f0xx_hal_spi.o ABSOLUTE
    stm32f0xx_hal_spi_ex.c                   0x00000000   Number         0  stm32f0xx_hal_spi_ex.o ABSOLUTE
    stm32f0xx_hal_tim.c                      0x00000000   Number         0  stm32f0xx_hal_tim.o ABSOLUTE
    stm32f0xx_hal_tim_ex.c                   0x00000000   Number         0  stm32f0xx_hal_tim_ex.o ABSOLUTE
    stm32f0xx_it.c                           0x00000000   Number         0  stm32f0xx_it.o ABSOLUTE
    system_stm32f0xx.c                       0x00000000   Number         0  system_stm32f0xx.o ABSOLUTE
    tdc_7201.c                               0x00000000   Number         0  tdc_7201.o ABSOLUTE
    RESET                                    0x08000000   Section      192  startup_stm32f072xb.o(RESET)
    !!!main                                  0x080000c0   Section        8  __main.o(!!!main)
    !!!scatter                               0x080000c8   Section       60  __scatter.o(!!!scatter)
    !!handler_copy                           0x08000104   Section       26  __scatter_copy.o(!!handler_copy)
    !!handler_zi                             0x08000120   Section       28  __scatter_zi.o(!!handler_zi)
    .ARM.Collect$$libinit$$00000000          0x0800013c   Section        2  libinit.o(.ARM.Collect$$libinit$$00000000)
    .ARM.Collect$$libinit$$00000002          0x0800013e   Section        0  libinit2.o(.ARM.Collect$$libinit$$00000002)
    .ARM.Collect$$libinit$$00000004          0x0800013e   Section        0  libinit2.o(.ARM.Collect$$libinit$$00000004)
    .ARM.Collect$$libinit$$00000006          0x0800013e   Section        0  libinit2.o(.ARM.Collect$$libinit$$00000006)
    .ARM.Collect$$libinit$$0000000C          0x0800013e   Section        0  libinit2.o(.ARM.Collect$$libinit$$0000000C)
    .ARM.Collect$$libinit$$0000000E          0x0800013e   Section        0  libinit2.o(.ARM.Collect$$libinit$$0000000E)
    .ARM.Collect$$libinit$$00000010          0x0800013e   Section        0  libinit2.o(.ARM.Collect$$libinit$$00000010)
    .ARM.Collect$$libinit$$00000013          0x0800013e   Section        0  libinit2.o(.ARM.Collect$$libinit$$00000013)
    .ARM.Collect$$libinit$$00000015          0x0800013e   Section        0  libinit2.o(.ARM.Collect$$libinit$$00000015)
    .ARM.Collect$$libinit$$00000017          0x0800013e   Section        0  libinit2.o(.ARM.Collect$$libinit$$00000017)
    .ARM.Collect$$libinit$$00000019          0x0800013e   Section        0  libinit2.o(.ARM.Collect$$libinit$$00000019)
    .ARM.Collect$$libinit$$0000001B          0x0800013e   Section        0  libinit2.o(.ARM.Collect$$libinit$$0000001B)
    .ARM.Collect$$libinit$$0000001D          0x0800013e   Section        0  libinit2.o(.ARM.Collect$$libinit$$0000001D)
    .ARM.Collect$$libinit$$0000001F          0x0800013e   Section        0  libinit2.o(.ARM.Collect$$libinit$$0000001F)
    .ARM.Collect$$libinit$$00000021          0x0800013e   Section        0  libinit2.o(.ARM.Collect$$libinit$$00000021)
    .ARM.Collect$$libinit$$00000023          0x0800013e   Section        0  libinit2.o(.ARM.Collect$$libinit$$00000023)
    .ARM.Collect$$libinit$$00000025          0x0800013e   Section        0  libinit2.o(.ARM.Collect$$libinit$$00000025)
    .ARM.Collect$$libinit$$00000027          0x0800013e   Section        0  libinit2.o(.ARM.Collect$$libinit$$00000027)
    .ARM.Collect$$libinit$$0000002E          0x0800013e   Section        0  libinit2.o(.ARM.Collect$$libinit$$0000002E)
    .ARM.Collect$$libinit$$00000030          0x0800013e   Section        0  libinit2.o(.ARM.Collect$$libinit$$00000030)
    .ARM.Collect$$libinit$$00000032          0x0800013e   Section        0  libinit2.o(.ARM.Collect$$libinit$$00000032)
    .ARM.Collect$$libinit$$00000034          0x0800013e   Section        0  libinit2.o(.ARM.Collect$$libinit$$00000034)
    .ARM.Collect$$libinit$$00000035          0x0800013e   Section        2  libinit2.o(.ARM.Collect$$libinit$$00000035)
    .ARM.Collect$$libshutdown$$00000000      0x08000140   Section        2  libshutdown.o(.ARM.Collect$$libshutdown$$00000000)
    .ARM.Collect$$libshutdown$$00000002      0x08000142   Section        0  libshutdown2.o(.ARM.Collect$$libshutdown$$00000002)
    .ARM.Collect$$libshutdown$$00000004      0x08000142   Section        0  libshutdown2.o(.ARM.Collect$$libshutdown$$00000004)
    .ARM.Collect$$libshutdown$$00000007      0x08000142   Section        0  libshutdown2.o(.ARM.Collect$$libshutdown$$00000007)
    .ARM.Collect$$libshutdown$$0000000A      0x08000142   Section        0  libshutdown2.o(.ARM.Collect$$libshutdown$$0000000A)
    .ARM.Collect$$libshutdown$$0000000C      0x08000142   Section        0  libshutdown2.o(.ARM.Collect$$libshutdown$$0000000C)
    .ARM.Collect$$libshutdown$$0000000F      0x08000142   Section        0  libshutdown2.o(.ARM.Collect$$libshutdown$$0000000F)
    .ARM.Collect$$libshutdown$$00000010      0x08000142   Section        2  libshutdown2.o(.ARM.Collect$$libshutdown$$00000010)
    .ARM.Collect$$rtentry$$00000000          0x08000144   Section        0  __rtentry.o(.ARM.Collect$$rtentry$$00000000)
    .ARM.Collect$$rtentry$$00000002          0x08000144   Section        0  __rtentry2.o(.ARM.Collect$$rtentry$$00000002)
    .ARM.Collect$$rtentry$$00000004          0x08000144   Section        6  __rtentry4.o(.ARM.Collect$$rtentry$$00000004)
    .ARM.Collect$$rtentry$$00000009          0x0800014a   Section        0  __rtentry2.o(.ARM.Collect$$rtentry$$00000009)
    .ARM.Collect$$rtentry$$0000000A          0x0800014a   Section        4  __rtentry2.o(.ARM.Collect$$rtentry$$0000000A)
    .ARM.Collect$$rtentry$$0000000C          0x0800014e   Section        0  __rtentry2.o(.ARM.Collect$$rtentry$$0000000C)
    .ARM.Collect$$rtentry$$0000000D          0x0800014e   Section        8  __rtentry2.o(.ARM.Collect$$rtentry$$0000000D)
    .ARM.Collect$$rtexit$$00000000           0x08000156   Section        2  rtexit.o(.ARM.Collect$$rtexit$$00000000)
    .ARM.Collect$$rtexit$$00000002           0x08000158   Section        0  rtexit2.o(.ARM.Collect$$rtexit$$00000002)
    .ARM.Collect$$rtexit$$00000003           0x08000158   Section        4  rtexit2.o(.ARM.Collect$$rtexit$$00000003)
    .ARM.Collect$$rtexit$$00000004           0x0800015c   Section        6  rtexit2.o(.ARM.Collect$$rtexit$$00000004)
    .text                                    0x08000164   Section       56  startup_stm32f072xb.o(.text)
    .text                                    0x0800019c   Section        0  heapauxi.o(.text)
    .text                                    0x080001a2   Section       62  sys_stackheap_outer.o(.text)
    .text                                    0x080001e0   Section        0  exit.o(.text)
    .text                                    0x080001f0   Section        8  libspace.o(.text)
    .text                                    0x080001f8   Section        0  sys_exit.o(.text)
    .text                                    0x08000204   Section        2  use_no_semi.o(.text)
    .text                                    0x08000206   Section        0  indicate_semi.o(.text)
    [Anonymous Symbol]                       0x08000208   Section        0  spi.o(.text.CS2_RESET)
    [Anonymous Symbol]                       0x08000218   Section        0  spi.o(.text.CS2_SET)
    [Anonymous Symbol]                       0x08000228   Section        0  lcd_nhl.o(.text.ClearPixel_12864)
    __arm_cp.9_0                             0x0800038c   Number         4  lcd_nhl.o(.text.ClearPixel_12864)
    __arm_cp.9_1                             0x08000390   Number         4  lcd_nhl.o(.text.ClearPixel_12864)
    __arm_cp.9_2                             0x08000394   Number         4  lcd_nhl.o(.text.ClearPixel_12864)
    [Anonymous Symbol]                       0x08000398   Section        0  lcd_nhl.o(.text.Clear_text_Back)
    __arm_cp.11_0                            0x08000b5c   Number         4  lcd_nhl.o(.text.Clear_text_Back)
    __arm_cp.11_1                            0x08000b60   Number         4  lcd_nhl.o(.text.Clear_text_Back)
    [Anonymous Symbol]                       0x08000b64   Section        0  main.o(.text.Error_Handler)
    [Anonymous Symbol]                       0x08000b6c   Section        0  stm32f0xx_hal_dma.o(.text.HAL_DMA_Abort_IT)
    [Anonymous Symbol]                       0x08000bb0   Section        0  stm32f0xx_hal.o(.text.HAL_Delay)
    [Anonymous Symbol]                       0x08000bd0   Section        0  stm32f0xx_hal_gpio.o(.text.HAL_GPIO_Init)
    __arm_cp.0_0                             0x08000d58   Number         4  stm32f0xx_hal_gpio.o(.text.HAL_GPIO_Init)
    __arm_cp.0_1                             0x08000d5c   Number         4  stm32f0xx_hal_gpio.o(.text.HAL_GPIO_Init)
    __arm_cp.0_3                             0x08000d60   Number         4  stm32f0xx_hal_gpio.o(.text.HAL_GPIO_Init)
    [Anonymous Symbol]                       0x08000d64   Section        0  stm32f0xx_hal_gpio.o(.text.HAL_GPIO_WritePin)
    [Anonymous Symbol]                       0x08000d74   Section        0  stm32f0xx_hal.o(.text.HAL_GetTick)
    [Anonymous Symbol]                       0x08000d7c   Section        0  stm32f0xx_hal.o(.text.HAL_IncTick)
    __arm_cp.5_1                             0x08000d8c   Number         4  stm32f0xx_hal.o(.text.HAL_IncTick)
    [Anonymous Symbol]                       0x08000d90   Section        0  stm32f0xx_hal.o(.text.HAL_Init)
    [Anonymous Symbol]                       0x08000dac   Section        0  stm32f0xx_hal.o(.text.HAL_InitTick)
    __arm_cp.1_0                             0x08000de8   Number         4  stm32f0xx_hal.o(.text.HAL_InitTick)
    [Anonymous Symbol]                       0x08000dec   Section        0  stm32f0xx_hal_msp.o(.text.HAL_MspInit)
    __arm_cp.0_0                             0x08000e14   Number         4  stm32f0xx_hal_msp.o(.text.HAL_MspInit)
    [Anonymous Symbol]                       0x08000e18   Section        0  stm32f0xx_hal_cortex.o(.text.HAL_NVIC_EnableIRQ)
    __arm_cp.1_0                             0x08000e2c   Number         4  stm32f0xx_hal_cortex.o(.text.HAL_NVIC_EnableIRQ)
    [Anonymous Symbol]                       0x08000e30   Section        0  stm32f0xx_hal_cortex.o(.text.HAL_NVIC_SetPriority)
    __arm_cp.0_0                             0x08000e60   Number         4  stm32f0xx_hal_cortex.o(.text.HAL_NVIC_SetPriority)
    __arm_cp.0_1                             0x08000e64   Number         4  stm32f0xx_hal_cortex.o(.text.HAL_NVIC_SetPriority)
    [Anonymous Symbol]                       0x08000e68   Section        0  stm32f0xx_hal_rcc.o(.text.HAL_RCC_ClockConfig)
    __arm_cp.2_0                             0x08000fc0   Number         4  stm32f0xx_hal_rcc.o(.text.HAL_RCC_ClockConfig)
    __arm_cp.2_1                             0x08000fc4   Number         4  stm32f0xx_hal_rcc.o(.text.HAL_RCC_ClockConfig)
    __arm_cp.2_2                             0x08000fc8   Number         4  stm32f0xx_hal_rcc.o(.text.HAL_RCC_ClockConfig)
    __arm_cp.2_3                             0x08000fcc   Number         4  stm32f0xx_hal_rcc.o(.text.HAL_RCC_ClockConfig)
    __arm_cp.2_4                             0x08000fd0   Number         4  stm32f0xx_hal_rcc.o(.text.HAL_RCC_ClockConfig)
    __arm_cp.2_5                             0x08000fd4   Number         4  stm32f0xx_hal_rcc.o(.text.HAL_RCC_ClockConfig)
    __arm_cp.2_6                             0x08000fd8   Number         4  stm32f0xx_hal_rcc.o(.text.HAL_RCC_ClockConfig)
    __arm_cp.2_7                             0x08000fdc   Number         4  stm32f0xx_hal_rcc.o(.text.HAL_RCC_ClockConfig)
    __arm_cp.2_8                             0x08000fe0   Number         4  stm32f0xx_hal_rcc.o(.text.HAL_RCC_ClockConfig)
    [Anonymous Symbol]                       0x08000fe4   Section        0  stm32f0xx_hal_rcc.o(.text.HAL_RCC_OscConfig)
    __arm_cp.1_4                             0x080013e0   Number         4  stm32f0xx_hal_rcc.o(.text.HAL_RCC_OscConfig)
    __arm_cp.1_1                             0x08001484   Number         4  stm32f0xx_hal_rcc.o(.text.HAL_RCC_OscConfig)
    __arm_cp.1_2                             0x08001488   Number         4  stm32f0xx_hal_rcc.o(.text.HAL_RCC_OscConfig)
    [Anonymous Symbol]                       0x0800148c   Section        0  stm32f0xx_hal_spi.o(.text.HAL_SPI_ErrorCallback)
    [Anonymous Symbol]                       0x08001490   Section        0  stm32f0xx_hal_spi.o(.text.HAL_SPI_IRQHandler)
    __arm_cp.40_0                            0x080015f4   Number         4  stm32f0xx_hal_spi.o(.text.HAL_SPI_IRQHandler)
    [Anonymous Symbol]                       0x080015f8   Section        0  stm32f0xx_hal_spi.o(.text.HAL_SPI_Init)
    [Anonymous Symbol]                       0x080016f0   Section        0  stm32f0xx_hal_msp.o(.text.HAL_SPI_MspInit)
    __arm_cp.1_0                             0x080017e0   Number         4  stm32f0xx_hal_msp.o(.text.HAL_SPI_MspInit)
    __arm_cp.1_1                             0x080017e4   Number         4  stm32f0xx_hal_msp.o(.text.HAL_SPI_MspInit)
    __arm_cp.1_2                             0x080017e8   Number         4  stm32f0xx_hal_msp.o(.text.HAL_SPI_MspInit)
    __arm_cp.1_3                             0x080017ec   Number         4  stm32f0xx_hal_msp.o(.text.HAL_SPI_MspInit)
    __arm_cp.1_4                             0x080017f0   Number         4  stm32f0xx_hal_msp.o(.text.HAL_SPI_MspInit)
    [Anonymous Symbol]                       0x080017f4   Section        0  stm32f0xx_hal_spi.o(.text.HAL_SPI_Transmit)
    __arm_cp.4_0                             0x08001a0c   Number         4  stm32f0xx_hal_spi.o(.text.HAL_SPI_Transmit)
    [Anonymous Symbol]                       0x08001a10   Section        0  stm32f0xx_hal_cortex.o(.text.HAL_SYSTICK_Config)
    __arm_cp.4_0                             0x08001a38   Number         4  stm32f0xx_hal_cortex.o(.text.HAL_SYSTICK_Config)
    __arm_cp.4_1                             0x08001a3c   Number         4  stm32f0xx_hal_cortex.o(.text.HAL_SYSTICK_Config)
    __arm_cp.4_2                             0x08001a40   Number         4  stm32f0xx_hal_cortex.o(.text.HAL_SYSTICK_Config)
    [Anonymous Symbol]                       0x08001a44   Section        0  stm32f0xx_hal_tim_ex.o(.text.HAL_TIMEx_BreakCallback)
    [Anonymous Symbol]                       0x08001a46   Section        0  stm32f0xx_hal_tim_ex.o(.text.HAL_TIMEx_CommutCallback)
    [Anonymous Symbol]                       0x08001a48   Section        0  stm32f0xx_hal_tim_ex.o(.text.HAL_TIMEx_MasterConfigSynchronization)
    [Anonymous Symbol]                       0x08001aa4   Section        0  stm32f0xx_hal_tim.o(.text.HAL_TIM_Base_Init)
    __arm_cp.0_3                             0x08001b80   Number         4  stm32f0xx_hal_tim.o(.text.HAL_TIM_Base_Init)
    __arm_cp.0_4                             0x08001b84   Number         4  stm32f0xx_hal_tim.o(.text.HAL_TIM_Base_Init)
    __arm_cp.0_5                             0x08001b88   Number         4  stm32f0xx_hal_tim.o(.text.HAL_TIM_Base_Init)
    __arm_cp.0_7                             0x08001b8c   Number         4  stm32f0xx_hal_tim.o(.text.HAL_TIM_Base_Init)
    __arm_cp.0_8                             0x08001b90   Number         4  stm32f0xx_hal_tim.o(.text.HAL_TIM_Base_Init)
    [Anonymous Symbol]                       0x08001b94   Section        0  stm32f0xx_hal_msp.o(.text.HAL_TIM_Base_MspInit)
    __arm_cp.3_1                             0x08001c20   Number         4  stm32f0xx_hal_msp.o(.text.HAL_TIM_Base_MspInit)
    [Anonymous Symbol]                       0x08001c24   Section        0  stm32f0xx_hal_tim.o(.text.HAL_TIM_Base_Start)
    [Anonymous Symbol]                       0x08001c78   Section        0  stm32f0xx_hal_tim.o(.text.HAL_TIM_Base_Start_IT)
    __arm_cp.7_0                             0x08001cd0   Number         4  stm32f0xx_hal_tim.o(.text.HAL_TIM_Base_Start_IT)
    __arm_cp.7_1                             0x08001cd4   Number         4  stm32f0xx_hal_tim.o(.text.HAL_TIM_Base_Start_IT)
    __arm_cp.7_2                             0x08001cd8   Number         4  stm32f0xx_hal_tim.o(.text.HAL_TIM_Base_Start_IT)
    __arm_cp.7_3                             0x08001cdc   Number         4  stm32f0xx_hal_tim.o(.text.HAL_TIM_Base_Start_IT)
    [Anonymous Symbol]                       0x08001ce0   Section        0  stm32f0xx_hal_tim.o(.text.HAL_TIM_ConfigClockSource)
    __arm_cp.90_0                            0x08001e38   Number         4  stm32f0xx_hal_tim.o(.text.HAL_TIM_ConfigClockSource)
    [Anonymous Symbol]                       0x08001e3c   Section        0  main.o(.text.HAL_TIM_IC_CaptureCallback)
    __arm_cp.4_0                             0x08001e74   Number         4  main.o(.text.HAL_TIM_IC_CaptureCallback)
    __arm_cp.4_1                             0x08001e78   Number         4  main.o(.text.HAL_TIM_IC_CaptureCallback)
    [Anonymous Symbol]                       0x08001e7c   Section        0  stm32f0xx_hal_tim.o(.text.HAL_TIM_IC_ConfigChannel)
    __arm_cp.75_0                            0x08001ffc   Number         4  stm32f0xx_hal_tim.o(.text.HAL_TIM_IC_ConfigChannel)
    __arm_cp.75_1                            0x08002000   Number         4  stm32f0xx_hal_tim.o(.text.HAL_TIM_IC_ConfigChannel)
    __arm_cp.75_2                            0x08002004   Number         4  stm32f0xx_hal_tim.o(.text.HAL_TIM_IC_ConfigChannel)
    __arm_cp.75_3                            0x08002008   Number         4  stm32f0xx_hal_tim.o(.text.HAL_TIM_IC_ConfigChannel)
    __arm_cp.75_4                            0x0800200c   Number         4  stm32f0xx_hal_tim.o(.text.HAL_TIM_IC_ConfigChannel)
    [Anonymous Symbol]                       0x08002010   Section        0  stm32f0xx_hal_tim.o(.text.HAL_TIM_IC_Init)
    __arm_cp.37_3                            0x080020ec   Number         4  stm32f0xx_hal_tim.o(.text.HAL_TIM_IC_Init)
    __arm_cp.37_4                            0x080020f0   Number         4  stm32f0xx_hal_tim.o(.text.HAL_TIM_IC_Init)
    __arm_cp.37_5                            0x080020f4   Number         4  stm32f0xx_hal_tim.o(.text.HAL_TIM_IC_Init)
    __arm_cp.37_7                            0x080020f8   Number         4  stm32f0xx_hal_tim.o(.text.HAL_TIM_IC_Init)
    __arm_cp.37_8                            0x080020fc   Number         4  stm32f0xx_hal_tim.o(.text.HAL_TIM_IC_Init)
    [Anonymous Symbol]                       0x08002100   Section        0  stm32f0xx_hal_tim.o(.text.HAL_TIM_IC_MspInit)
    [Anonymous Symbol]                       0x08002104   Section        0  stm32f0xx_hal_tim.o(.text.HAL_TIM_IC_Start_IT)
    __arm_cp.43_0                            0x080021d4   Number         4  stm32f0xx_hal_tim.o(.text.HAL_TIM_IC_Start_IT)
    __arm_cp.43_1                            0x080021d8   Number         4  stm32f0xx_hal_tim.o(.text.HAL_TIM_IC_Start_IT)
    __arm_cp.43_2                            0x080021dc   Number         4  stm32f0xx_hal_tim.o(.text.HAL_TIM_IC_Start_IT)
    __arm_cp.43_3                            0x080021e0   Number         4  stm32f0xx_hal_tim.o(.text.HAL_TIM_IC_Start_IT)
    __arm_cp.43_4                            0x080021e4   Number         4  stm32f0xx_hal_tim.o(.text.HAL_TIM_IC_Start_IT)
    [Anonymous Symbol]                       0x080021e8   Section        0  stm32f0xx_hal_tim.o(.text.HAL_TIM_IRQHandler)
    [Anonymous Symbol]                       0x08002330   Section        0  stm32f0xx_hal_tim.o(.text.HAL_TIM_OC_DelayElapsedCallback)
    [Anonymous Symbol]                       0x08002332   Section        0  stm32f0xx_hal_tim.o(.text.HAL_TIM_PWM_PulseFinishedCallback)
    [Anonymous Symbol]                       0x08002334   Section        0  main.o(.text.HAL_TIM_PeriodElapsedCallback)
    __arm_cp.5_0                             0x08002340   Number         4  main.o(.text.HAL_TIM_PeriodElapsedCallback)
    [Anonymous Symbol]                       0x08002344   Section        0  stm32f0xx_hal_tim.o(.text.HAL_TIM_TriggerCallback)
    [Anonymous Symbol]                       0x08002346   Section        0  stm32f0xx_it.o(.text.HardFault_Handler)
    [Anonymous Symbol]                       0x08002348   Section        0  spi.o(.text.MX_SPI1_Init)
    __arm_cp.0_0                             0x0800238c   Number         4  spi.o(.text.MX_SPI1_Init)
    __arm_cp.0_1                             0x08002390   Number         4  spi.o(.text.MX_SPI1_Init)
    [Anonymous Symbol]                       0x08002394   Section        0  spi.o(.text.MX_SPI2_Init)
    __arm_cp.1_0                             0x080023e0   Number         4  spi.o(.text.MX_SPI2_Init)
    __arm_cp.1_1                             0x080023e4   Number         4  spi.o(.text.MX_SPI2_Init)
    [Anonymous Symbol]                       0x080023e8   Section        0  lcd_nhl.o(.text.NHD12864WDY3_Init)
    __arm_cp.7_0                             0x080027dc   Number         4  lcd_nhl.o(.text.NHD12864WDY3_Init)
    [Anonymous Symbol]                       0x080027e0   Section        0  stm32f0xx_it.o(.text.NMI_Handler)
    [Anonymous Symbol]                       0x080027e2   Section        0  stm32f0xx_it.o(.text.PendSV_Handler)
    [Anonymous Symbol]                       0x080027e4   Section        0  stm32f0xx_it.o(.text.SPI1_IRQHandler)
    __arm_cp.7_0                             0x080027f0   Number         4  stm32f0xx_it.o(.text.SPI1_IRQHandler)
    [Anonymous Symbol]                       0x080027f4   Section        0  stm32f0xx_it.o(.text.SPI2_IRQHandler)
    __arm_cp.8_0                             0x08002800   Number         4  stm32f0xx_it.o(.text.SPI2_IRQHandler)
    SPI_DMAAbortOnError                      0x08002805   Thumb Code    18  stm32f0xx_hal_spi.o(.text.SPI_DMAAbortOnError)
    [Anonymous Symbol]                       0x08002804   Section        0  stm32f0xx_hal_spi.o(.text.SPI_DMAAbortOnError)
    SPI_WaitFifoStateUntilTimeout            0x08002819   Thumb Code   352  stm32f0xx_hal_spi.o(.text.SPI_WaitFifoStateUntilTimeout)
    [Anonymous Symbol]                       0x08002818   Section        0  stm32f0xx_hal_spi.o(.text.SPI_WaitFifoStateUntilTimeout)
    SPI_WaitFlagStateUntilTimeout            0x08002979   Thumb Code   204  stm32f0xx_hal_spi.o(.text.SPI_WaitFlagStateUntilTimeout)
    [Anonymous Symbol]                       0x08002978   Section        0  stm32f0xx_hal_spi.o(.text.SPI_WaitFlagStateUntilTimeout)
    __arm_cp.32_0                            0x08002a44   Number         4  stm32f0xx_hal_spi.o(.text.SPI_WaitFlagStateUntilTimeout)
    [Anonymous Symbol]                       0x08002a48   Section        0  stm32f0xx_it.o(.text.SVC_Handler)
    [Anonymous Symbol]                       0x08002a4c   Section        0  lcd_nhl.o(.text.Set_Write_RAM_12864)
    __arm_cp.5_1                             0x08002a78   Number         4  lcd_nhl.o(.text.Set_Write_RAM_12864)
    [Anonymous Symbol]                       0x08002a7c   Section        0  stm32f0xx_it.o(.text.SysTick_Handler)
    [Anonymous Symbol]                       0x08002a84   Section        0  system_stm32f0xx.o(.text.SystemInit)
    [Anonymous Symbol]                       0x08002a88   Section        0  stm32f0xx_it.o(.text.TIM2_IRQHandler)
    [Anonymous Symbol]                       0x08002a94   Section        0  stm32f0xx_it.o(.text.TIM3_IRQHandler)
    __arm_cp.6_0                             0x08002aa0   Number         4  stm32f0xx_it.o(.text.TIM3_IRQHandler)
    [Anonymous Symbol]                       0x08002aa4   Section        0  lcd_nhl.o(.text.lcd_send_data)
    __arm_cp.1_0                             0x08002ad0   Number         4  lcd_nhl.o(.text.lcd_send_data)
    __arm_cp.1_1                             0x08002ad4   Number         4  lcd_nhl.o(.text.lcd_send_data)
    [Anonymous Symbol]                       0x08002ad8   Section        0  main.o(.text.main)
    __arm_cp.0_0                             0x08002d48   Number         4  main.o(.text.main)
    __arm_cp.0_1                             0x08002d4c   Number         4  main.o(.text.main)
    __arm_cp.0_2                             0x08002d50   Number         4  main.o(.text.main)
    __arm_cp.0_3                             0x08002d54   Number         4  main.o(.text.main)
    __arm_cp.0_4                             0x08002d58   Number         4  main.o(.text.main)
    __arm_cp.0_5                             0x08002d5c   Number         4  main.o(.text.main)
    __arm_cp.0_6                             0x08002d60   Number         4  main.o(.text.main)
    [Anonymous Symbol]                       0x08002d64   Section        0  lcd_nhl.o(.text.set_cursor)
    __arm_cp.12_0                            0x08002e60   Number         4  lcd_nhl.o(.text.set_cursor)
    __arm_cp.12_1                            0x08002e64   Number         4  lcd_nhl.o(.text.set_cursor)
    [Anonymous Symbol]                       0x08002e68   Section        0  functions.o(.text.write_char)
    __arm_cp.1_0                             0x08002fa8   Number         4  functions.o(.text.write_char)
    [Anonymous Symbol]                       0x08002fac   Section        0  functions.o(.text.write_text)
    .text_divfast                            0x08002ffe   Section      502  aeabi_sdivfast.o(.text_divfast)
    HAL_RCC_GetSysClockFreq.aPLLMULFactorTable 0x08003204   Data          16  stm32f0xx_hal_rcc.o(.rodata.cst16)
    [Anonymous Symbol]                       0x08003204   Section        0  stm32f0xx_hal_rcc.o(.rodata.cst16)
    HAL_RCC_GetSysClockFreq.aPredivFactorTable 0x08003214   Data          16  stm32f0xx_hal_rcc.o(.rodata.cst16)
    [Anonymous Symbol]                       0x08003224   Section        0  stm32f0xx_hal_tim.o(.rodata.cst16)
    [Anonymous Symbol]                       0x080036b8   Section        0  main.o(.rodata.str1.1)
    [Anonymous Symbol]                       0x20000000   Section        0  stm32f0xx_hal.o(.data..L_MergedGlobals)
    .bss                                     0x20000010   Section       96  libspace.o(.bss)
    [Anonymous Symbol]                       0x20000070   Section        0  main.o(.bss..L_MergedGlobals)
    Heap_Mem                                 0x200001e0   Data         512  startup_stm32f072xb.o(HEAP)
    HEAP                                     0x200001e0   Section      512  startup_stm32f072xb.o(HEAP)
    Stack_Mem                                0x200003e0   Data        1024  startup_stm32f072xb.o(STACK)
    STACK                                    0x200003e0   Section     1024  startup_stm32f072xb.o(STACK)
    __initial_sp                             0x200007e0   Data           0  startup_stm32f072xb.o(STACK)

    Global Symbols

    Symbol Name                              Value     Ov Type        Size  Object(Section)

    BuildAttributes$$THM_ISAv3M$S$PE$A:L22$X:L11$S22$IEEE1$IW$~IW$USESV6$~STKCKD$USESV7$~SHL$OTIME$ROPI$EBA8$UX$STANDARDLIB$REQ8$PRES8$EABIv2 0x00000000   Number         0  anon$$obj.o ABSOLUTE
    __ARM_exceptions_init                     - Undefined Weak Reference
    __alloca_initialize                       - Undefined Weak Reference
    __arm_preinit_                            - Undefined Weak Reference
    __arm_relocate_pie_                       - Undefined Weak Reference
    __cpp_initialize__aeabi_                  - Undefined Weak Reference
    __cxa_finalize                            - Undefined Weak Reference
    __rt_locale                               - Undefined Weak Reference
    __sigvec_lookup                           - Undefined Weak Reference
    _atexit_init                              - Undefined Weak Reference
    _call_atexit_fns                          - Undefined Weak Reference
    _clock_init                               - Undefined Weak Reference
    _fp_trap_init                             - Undefined Weak Reference
    _fp_trap_shutdown                         - Undefined Weak Reference
    _get_lc_collate                           - Undefined Weak Reference
    _get_lc_ctype                             - Undefined Weak Reference
    _get_lc_monetary                          - Undefined Weak Reference
    _get_lc_numeric                           - Undefined Weak Reference
    _get_lc_time                              - Undefined Weak Reference
    _getenv_init                              - Undefined Weak Reference
    _handle_redirection                       - Undefined Weak Reference
    _init_alloc                               - Undefined Weak Reference
    _init_user_alloc                          - Undefined Weak Reference
    _initio                                   - Undefined Weak Reference
    _rand_init                                - Undefined Weak Reference
    _signal_finish                            - Undefined Weak Reference
    _signal_init                              - Undefined Weak Reference
    _terminate_alloc                          - Undefined Weak Reference
    _terminate_user_alloc                     - Undefined Weak Reference
    _terminateio                              - Undefined Weak Reference
    __Vectors_Size                           0x000000c0   Number         0  startup_stm32f072xb.o ABSOLUTE
    __Vectors                                0x08000000   Data           4  startup_stm32f072xb.o(RESET)
    __Vectors_End                            0x080000c0   Data           0  startup_stm32f072xb.o(RESET)
    __main                                   0x080000c1   Thumb Code     8  __main.o(!!!main)
    __scatterload                            0x080000c9   Thumb Code     0  __scatter.o(!!!scatter)
    __scatterload_rt2                        0x080000c9   Thumb Code    52  __scatter.o(!!!scatter)
    __scatterload_rt2_thumb_only             0x080000c9   Thumb Code     0  __scatter.o(!!!scatter)
    __scatterload_null                       0x080000d9   Thumb Code     0  __scatter.o(!!!scatter)
    __scatterload_copy                       0x08000105   Thumb Code    26  __scatter_copy.o(!!handler_copy)
    __scatterload_zeroinit                   0x08000121   Thumb Code    28  __scatter_zi.o(!!handler_zi)
    __rt_lib_init                            0x0800013d   Thumb Code     0  libinit.o(.ARM.Collect$$libinit$$00000000)
    __rt_lib_init_alloca_1                   0x0800013f   Thumb Code     0  libinit2.o(.ARM.Collect$$libinit$$00000030)
    __rt_lib_init_argv_1                     0x0800013f   Thumb Code     0  libinit2.o(.ARM.Collect$$libinit$$0000002E)
    __rt_lib_init_atexit_1                   0x0800013f   Thumb Code     0  libinit2.o(.ARM.Collect$$libinit$$0000001D)
    __rt_lib_init_clock_1                    0x0800013f   Thumb Code     0  libinit2.o(.ARM.Collect$$libinit$$00000023)
    __rt_lib_init_cpp_1                      0x0800013f   Thumb Code     0  libinit2.o(.ARM.Collect$$libinit$$00000034)
    __rt_lib_init_exceptions_1               0x0800013f   Thumb Code     0  libinit2.o(.ARM.Collect$$libinit$$00000032)
    __rt_lib_init_fp_1                       0x0800013f   Thumb Code     0  libinit2.o(.ARM.Collect$$libinit$$00000002)
    __rt_lib_init_fp_trap_1                  0x0800013f   Thumb Code     0  libinit2.o(.ARM.Collect$$libinit$$00000021)
    __rt_lib_init_getenv_1                   0x0800013f   Thumb Code     0  libinit2.o(.ARM.Collect$$libinit$$00000025)
    __rt_lib_init_heap_1                     0x0800013f   Thumb Code     0  libinit2.o(.ARM.Collect$$libinit$$0000000C)
    __rt_lib_init_lc_collate_1               0x0800013f   Thumb Code     0  libinit2.o(.ARM.Collect$$libinit$$00000013)
    __rt_lib_init_lc_ctype_1                 0x0800013f   Thumb Code     0  libinit2.o(.ARM.Collect$$libinit$$00000015)
    __rt_lib_init_lc_monetary_1              0x0800013f   Thumb Code     0  libinit2.o(.ARM.Collect$$libinit$$00000017)
    __rt_lib_init_lc_numeric_1               0x0800013f   Thumb Code     0  libinit2.o(.ARM.Collect$$libinit$$00000019)
    __rt_lib_init_lc_time_1                  0x0800013f   Thumb Code     0  libinit2.o(.ARM.Collect$$libinit$$0000001B)
    __rt_lib_init_preinit_1                  0x0800013f   Thumb Code     0  libinit2.o(.ARM.Collect$$libinit$$00000006)
    __rt_lib_init_rand_1                     0x0800013f   Thumb Code     0  libinit2.o(.ARM.Collect$$libinit$$00000010)
    __rt_lib_init_relocate_pie_1             0x0800013f   Thumb Code     0  libinit2.o(.ARM.Collect$$libinit$$00000004)
    __rt_lib_init_return                     0x0800013f   Thumb Code     0  libinit2.o(.ARM.Collect$$libinit$$00000035)
    __rt_lib_init_signal_1                   0x0800013f   Thumb Code     0  libinit2.o(.ARM.Collect$$libinit$$0000001F)
    __rt_lib_init_stdio_1                    0x0800013f   Thumb Code     0  libinit2.o(.ARM.Collect$$libinit$$00000027)
    __rt_lib_init_user_alloc_1               0x0800013f   Thumb Code     0  libinit2.o(.ARM.Collect$$libinit$$0000000E)
    __rt_lib_shutdown                        0x08000141   Thumb Code     0  libshutdown.o(.ARM.Collect$$libshutdown$$00000000)
    __rt_lib_shutdown_cpp_1                  0x08000143   Thumb Code     0  libshutdown2.o(.ARM.Collect$$libshutdown$$00000002)
    __rt_lib_shutdown_fp_trap_1              0x08000143   Thumb Code     0  libshutdown2.o(.ARM.Collect$$libshutdown$$00000007)
    __rt_lib_shutdown_heap_1                 0x08000143   Thumb Code     0  libshutdown2.o(.ARM.Collect$$libshutdown$$0000000F)
    __rt_lib_shutdown_return                 0x08000143   Thumb Code     0  libshutdown2.o(.ARM.Collect$$libshutdown$$00000010)
    __rt_lib_shutdown_signal_1               0x08000143   Thumb Code     0  libshutdown2.o(.ARM.Collect$$libshutdown$$0000000A)
    __rt_lib_shutdown_stdio_1                0x08000143   Thumb Code     0  libshutdown2.o(.ARM.Collect$$libshutdown$$00000004)
    __rt_lib_shutdown_user_alloc_1           0x08000143   Thumb Code     0  libshutdown2.o(.ARM.Collect$$libshutdown$$0000000C)
    __rt_entry                               0x08000145   Thumb Code     0  __rtentry.o(.ARM.Collect$$rtentry$$00000000)
    __rt_entry_presh_1                       0x08000145   Thumb Code     0  __rtentry2.o(.ARM.Collect$$rtentry$$00000002)
    __rt_entry_sh                            0x08000145   Thumb Code     0  __rtentry4.o(.ARM.Collect$$rtentry$$00000004)
    __rt_entry_li                            0x0800014b   Thumb Code     0  __rtentry2.o(.ARM.Collect$$rtentry$$0000000A)
    __rt_entry_postsh_1                      0x0800014b   Thumb Code     0  __rtentry2.o(.ARM.Collect$$rtentry$$00000009)
    __rt_entry_main                          0x0800014f   Thumb Code     0  __rtentry2.o(.ARM.Collect$$rtentry$$0000000D)
    __rt_entry_postli_1                      0x0800014f   Thumb Code     0  __rtentry2.o(.ARM.Collect$$rtentry$$0000000C)
    __rt_exit                                0x08000157   Thumb Code     0  rtexit.o(.ARM.Collect$$rtexit$$00000000)
    __rt_exit_ls                             0x08000159   Thumb Code     0  rtexit2.o(.ARM.Collect$$rtexit$$00000003)
    __rt_exit_prels_1                        0x08000159   Thumb Code     0  rtexit2.o(.ARM.Collect$$rtexit$$00000002)
    __rt_exit_exit                           0x0800015d   Thumb Code     0  rtexit2.o(.ARM.Collect$$rtexit$$00000004)
    Reset_Handler                            0x08000165   Thumb Code     8  startup_stm32f072xb.o(.text)
    ADC1_COMP_IRQHandler                     0x08000177   Thumb Code     0  startup_stm32f072xb.o(.text)
    CEC_CAN_IRQHandler                       0x08000177   Thumb Code     0  startup_stm32f072xb.o(.text)
    DMA1_Channel1_IRQHandler                 0x08000177   Thumb Code     0  startup_stm32f072xb.o(.text)
    DMA1_Channel2_3_IRQHandler               0x08000177   Thumb Code     0  startup_stm32f072xb.o(.text)
    DMA1_Channel4_5_6_7_IRQHandler           0x08000177   Thumb Code     0  startup_stm32f072xb.o(.text)
    EXTI0_1_IRQHandler                       0x08000177   Thumb Code     0  startup_stm32f072xb.o(.text)
    EXTI2_3_IRQHandler                       0x08000177   Thumb Code     0  startup_stm32f072xb.o(.text)
    EXTI4_15_IRQHandler                      0x08000177   Thumb Code     0  startup_stm32f072xb.o(.text)
    FLASH_IRQHandler                         0x08000177   Thumb Code     0  startup_stm32f072xb.o(.text)
    I2C1_IRQHandler                          0x08000177   Thumb Code     0  startup_stm32f072xb.o(.text)
    I2C2_IRQHandler                          0x08000177   Thumb Code     0  startup_stm32f072xb.o(.text)
    PVD_VDDIO2_IRQHandler                    0x08000177   Thumb Code     0  startup_stm32f072xb.o(.text)
    RCC_CRS_IRQHandler                       0x08000177   Thumb Code     0  startup_stm32f072xb.o(.text)
    RTC_IRQHandler                           0x08000177   Thumb Code     0  startup_stm32f072xb.o(.text)
    TIM14_IRQHandler                         0x08000177   Thumb Code     0  startup_stm32f072xb.o(.text)
    TIM15_IRQHandler                         0x08000177   Thumb Code     0  startup_stm32f072xb.o(.text)
    TIM16_IRQHandler                         0x08000177   Thumb Code     0  startup_stm32f072xb.o(.text)
    TIM17_IRQHandler                         0x08000177   Thumb Code     0  startup_stm32f072xb.o(.text)
    TIM1_BRK_UP_TRG_COM_IRQHandler           0x08000177   Thumb Code     0  startup_stm32f072xb.o(.text)
    TIM1_CC_IRQHandler                       0x08000177   Thumb Code     0  startup_stm32f072xb.o(.text)
    TIM6_DAC_IRQHandler                      0x08000177   Thumb Code     0  startup_stm32f072xb.o(.text)
    TIM7_IRQHandler                          0x08000177   Thumb Code     0  startup_stm32f072xb.o(.text)
    TSC_IRQHandler                           0x08000177   Thumb Code     0  startup_stm32f072xb.o(.text)
    USART1_IRQHandler                        0x08000177   Thumb Code     0  startup_stm32f072xb.o(.text)
    USART2_IRQHandler                        0x08000177   Thumb Code     0  startup_stm32f072xb.o(.text)
    USART3_4_IRQHandler                      0x08000177   Thumb Code     0  startup_stm32f072xb.o(.text)
    USB_IRQHandler                           0x08000177   Thumb Code     0  startup_stm32f072xb.o(.text)
    WWDG_IRQHandler                          0x08000177   Thumb Code     0  startup_stm32f072xb.o(.text)
    __user_initial_stackheap                 0x08000179   Thumb Code     0  startup_stm32f072xb.o(.text)
    __use_two_region_memory                  0x0800019d   Thumb Code     2  heapauxi.o(.text)
    __rt_heap_escrow$2region                 0x0800019f   Thumb Code     2  heapauxi.o(.text)
    __rt_heap_expand$2region                 0x080001a1   Thumb Code     2  heapauxi.o(.text)
    __user_setup_stackheap                   0x080001a3   Thumb Code    62  sys_stackheap_outer.o(.text)
    exit                                     0x080001e1   Thumb Code    16  exit.o(.text)
    __user_libspace                          0x080001f1   Thumb Code     8  libspace.o(.text)
    __user_perproc_libspace                  0x080001f1   Thumb Code     0  libspace.o(.text)
    __user_perthread_libspace                0x080001f1   Thumb Code     0  libspace.o(.text)
    _sys_exit                                0x080001f9   Thumb Code     8  sys_exit.o(.text)
    __I$use$semihosting                      0x08000205   Thumb Code     0  use_no_semi.o(.text)
    __use_no_semihosting_swi                 0x08000205   Thumb Code     2  use_no_semi.o(.text)
    __semihosting_library_function           0x08000207   Thumb Code     0  indicate_semi.o(.text)
    CS2_RESET                                0x08000209   Thumb Code    16  spi.o(.text.CS2_RESET)
    CS2_SET                                  0x08000219   Thumb Code    16  spi.o(.text.CS2_SET)
    ClearPixel_12864                         0x08000229   Thumb Code   356  lcd_nhl.o(.text.ClearPixel_12864)
    Clear_text_Back                          0x08000399   Thumb Code  1988  lcd_nhl.o(.text.Clear_text_Back)
    Error_Handler                            0x08000b65   Thumb Code     8  main.o(.text.Error_Handler)
    HAL_DMA_Abort_IT                         0x08000b6d   Thumb Code    66  stm32f0xx_hal_dma.o(.text.HAL_DMA_Abort_IT)
    HAL_Delay                                0x08000bb1   Thumb Code    32  stm32f0xx_hal.o(.text.HAL_Delay)
    HAL_GPIO_Init                            0x08000bd1   Thumb Code   392  stm32f0xx_hal_gpio.o(.text.HAL_GPIO_Init)
    HAL_GPIO_WritePin                        0x08000d65   Thumb Code    16  stm32f0xx_hal_gpio.o(.text.HAL_GPIO_WritePin)
    HAL_GetTick                              0x08000d75   Thumb Code     8  stm32f0xx_hal.o(.text.HAL_GetTick)
    HAL_IncTick                              0x08000d7d   Thumb Code    16  stm32f0xx_hal.o(.text.HAL_IncTick)
    HAL_Init                                 0x08000d91   Thumb Code    28  stm32f0xx_hal.o(.text.HAL_Init)
    HAL_InitTick                             0x08000dad   Thumb Code    60  stm32f0xx_hal.o(.text.HAL_InitTick)
    HAL_MspInit                              0x08000ded   Thumb Code    40  stm32f0xx_hal_msp.o(.text.HAL_MspInit)
    HAL_NVIC_EnableIRQ                       0x08000e19   Thumb Code    20  stm32f0xx_hal_cortex.o(.text.HAL_NVIC_EnableIRQ)
    HAL_NVIC_SetPriority                     0x08000e31   Thumb Code    48  stm32f0xx_hal_cortex.o(.text.HAL_NVIC_SetPriority)
    HAL_RCC_ClockConfig                      0x08000e69   Thumb Code   344  stm32f0xx_hal_rcc.o(.text.HAL_RCC_ClockConfig)
    HAL_RCC_OscConfig                        0x08000fe5   Thumb Code  1184  stm32f0xx_hal_rcc.o(.text.HAL_RCC_OscConfig)
    HAL_SPI_ErrorCallback                    0x0800148d   Thumb Code     2  stm32f0xx_hal_spi.o(.text.HAL_SPI_ErrorCallback)
    HAL_SPI_IRQHandler                       0x08001491   Thumb Code   356  stm32f0xx_hal_spi.o(.text.HAL_SPI_IRQHandler)
    HAL_SPI_Init                             0x080015f9   Thumb Code   248  stm32f0xx_hal_spi.o(.text.HAL_SPI_Init)
    HAL_SPI_MspInit                          0x080016f1   Thumb Code   240  stm32f0xx_hal_msp.o(.text.HAL_SPI_MspInit)
    HAL_SPI_Transmit                         0x080017f5   Thumb Code   536  stm32f0xx_hal_spi.o(.text.HAL_SPI_Transmit)
    HAL_SYSTICK_Config                       0x08001a11   Thumb Code    40  stm32f0xx_hal_cortex.o(.text.HAL_SYSTICK_Config)
    HAL_TIMEx_BreakCallback                  0x08001a45   Thumb Code     2  stm32f0xx_hal_tim_ex.o(.text.HAL_TIMEx_BreakCallback)
    HAL_TIMEx_CommutCallback                 0x08001a47   Thumb Code     2  stm32f0xx_hal_tim_ex.o(.text.HAL_TIMEx_CommutCallback)
    HAL_TIMEx_MasterConfigSynchronization    0x08001a49   Thumb Code    92  stm32f0xx_hal_tim_ex.o(.text.HAL_TIMEx_MasterConfigSynchronization)
    HAL_TIM_Base_Init                        0x08001aa5   Thumb Code   220  stm32f0xx_hal_tim.o(.text.HAL_TIM_Base_Init)
    HAL_TIM_Base_MspInit                     0x08001b95   Thumb Code   140  stm32f0xx_hal_msp.o(.text.HAL_TIM_Base_MspInit)
    HAL_TIM_Base_Start                       0x08001c25   Thumb Code    84  stm32f0xx_hal_tim.o(.text.HAL_TIM_Base_Start)
    HAL_TIM_Base_Start_IT                    0x08001c79   Thumb Code    88  stm32f0xx_hal_tim.o(.text.HAL_TIM_Base_Start_IT)
    HAL_TIM_ConfigClockSource                0x08001ce1   Thumb Code   344  stm32f0xx_hal_tim.o(.text.HAL_TIM_ConfigClockSource)
    HAL_TIM_IC_CaptureCallback               0x08001e3d   Thumb Code    56  main.o(.text.HAL_TIM_IC_CaptureCallback)
    HAL_TIM_IC_ConfigChannel                 0x08001e7d   Thumb Code   384  stm32f0xx_hal_tim.o(.text.HAL_TIM_IC_ConfigChannel)
    HAL_TIM_IC_Init                          0x08002011   Thumb Code   220  stm32f0xx_hal_tim.o(.text.HAL_TIM_IC_Init)
    HAL_TIM_IC_MspInit                       0x08002101   Thumb Code     2  stm32f0xx_hal_tim.o(.text.HAL_TIM_IC_MspInit)
    HAL_TIM_IC_Start_IT                      0x08002105   Thumb Code   208  stm32f0xx_hal_tim.o(.text.HAL_TIM_IC_Start_IT)
    HAL_TIM_IRQHandler                       0x080021e9   Thumb Code   328  stm32f0xx_hal_tim.o(.text.HAL_TIM_IRQHandler)
    HAL_TIM_OC_DelayElapsedCallback          0x08002331   Thumb Code     2  stm32f0xx_hal_tim.o(.text.HAL_TIM_OC_DelayElapsedCallback)
    HAL_TIM_PWM_PulseFinishedCallback        0x08002333   Thumb Code     2  stm32f0xx_hal_tim.o(.text.HAL_TIM_PWM_PulseFinishedCallback)
    HAL_TIM_PeriodElapsedCallback            0x08002335   Thumb Code    12  main.o(.text.HAL_TIM_PeriodElapsedCallback)
    HAL_TIM_TriggerCallback                  0x08002345   Thumb Code     2  stm32f0xx_hal_tim.o(.text.HAL_TIM_TriggerCallback)
    HardFault_Handler                        0x08002347   Thumb Code     2  stm32f0xx_it.o(.text.HardFault_Handler)
    MX_SPI1_Init                             0x08002349   Thumb Code    68  spi.o(.text.MX_SPI1_Init)
    MX_SPI2_Init                             0x08002395   Thumb Code    76  spi.o(.text.MX_SPI2_Init)
    NHD12864WDY3_Init                        0x080023e9   Thumb Code  1012  lcd_nhl.o(.text.NHD12864WDY3_Init)
    NMI_Handler                              0x080027e1   Thumb Code     2  stm32f0xx_it.o(.text.NMI_Handler)
    PendSV_Handler                           0x080027e3   Thumb Code     2  stm32f0xx_it.o(.text.PendSV_Handler)
    SPI1_IRQHandler                          0x080027e5   Thumb Code    12  stm32f0xx_it.o(.text.SPI1_IRQHandler)
    SPI2_IRQHandler                          0x080027f5   Thumb Code    12  stm32f0xx_it.o(.text.SPI2_IRQHandler)
    SVC_Handler                              0x08002a49   Thumb Code     2  stm32f0xx_it.o(.text.SVC_Handler)
    Set_Write_RAM_12864                      0x08002a4d   Thumb Code    44  lcd_nhl.o(.text.Set_Write_RAM_12864)
    SysTick_Handler                          0x08002a7d   Thumb Code     8  stm32f0xx_it.o(.text.SysTick_Handler)
    SystemInit                               0x08002a85   Thumb Code     2  system_stm32f0xx.o(.text.SystemInit)
    TIM2_IRQHandler                          0x08002a89   Thumb Code    12  stm32f0xx_it.o(.text.TIM2_IRQHandler)
    TIM3_IRQHandler                          0x08002a95   Thumb Code    12  stm32f0xx_it.o(.text.TIM3_IRQHandler)
    lcd_send_data                            0x08002aa5   Thumb Code    44  lcd_nhl.o(.text.lcd_send_data)
    main                                     0x08002ad9   Thumb Code   624  main.o(.text.main)
    set_cursor                               0x08002d65   Thumb Code   252  lcd_nhl.o(.text.set_cursor)
    write_char                               0x08002e69   Thumb Code   320  functions.o(.text.write_char)
    write_text                               0x08002fad   Thumb Code    82  functions.o(.text.write_text)
    __aeabi_uidiv                            0x08002fff   Thumb Code    68  aeabi_sdivfast.o(.text_divfast)
    __aeabi_idiv                             0x08003043   Thumb Code   434  aeabi_sdivfast.o(.text_divfast)
    AHBPrescTable                            0x080031f4   Data          16  system_stm32f0xx.o(.rodata.AHBPrescTable)
    font                                     0x08003244   Data        1140  functions.o(.rodata.font)
    Region$$Table$$Base                      0x080036bc   Number         0  anon$$obj.o(Region$$Table)
    Region$$Table$$Limit                     0x080036dc   Number         0  anon$$obj.o(Region$$Table)
    uwTickFreq                               0x20000000   Data           1  stm32f0xx_hal.o(.data..L_MergedGlobals)
    uwTickPrio                               0x20000004   Data           4  stm32f0xx_hal.o(.data..L_MergedGlobals)
    SystemCoreClock                          0x20000008   Data           4  system_stm32f0xx.o(.data.SystemCoreClock)
    __libspace_start                         0x20000010   Data          96  libspace.o(.bss)
    __temporary_stack_top$libspace           0x20000070   Data           0  libspace.o(.bss)
    time_state_flag                          0x20000070   Data           1  main.o(.bss..L_MergedGlobals)
    TIM2_OVC                                 0x20000072   Data           2  main.o(.bss..L_MergedGlobals)
    T1                                       0x20000074   Data           4  main.o(.bss..L_MergedGlobals)
    T2                                       0x20000078   Data           4  main.o(.bss..L_MergedGlobals)
    Ticks                                    0x2000007c   Data           4  main.o(.bss..L_MergedGlobals)
    htim3                                    0x20000080   Data          72  main.o(.bss..L_MergedGlobals)
    hspi1                                    0x200000c8   Data         100  spi.o(.bss.hspi1)
    hspi2                                    0x2000012c   Data         100  spi.o(.bss.hspi2)
    htim2                                    0x20000190   Data          72  main.o(.bss.htim2)
    uwTick                                   0x200001d8   Data           4  stm32f0xx_hal.o(.bss.uwTick)



==============================================================================

Memory Map of the image

  Image Entry point : 0x080000c1

  Load Region LR_IROM1 (Base: 0x08000000, Size: 0x000036f0, Max: 0x00020000, ABSOLUTE)

    Execution Region ER_IROM1 (Exec base: 0x08000000, Load base: 0x08000000, Size: 0x000036dc, Max: 0x00020000, ABSOLUTE)

    Exec Addr    Load Addr    Size         Type   Attr      Idx    E Section Name        Object

    0x08000000   0x08000000   0x000000c0   Data   RO            3    RESET               startup_stm32f072xb.o
    0x080000c0   0x080000c0   0x00000008   Code   RO         1164  * !!!main             c_p.l(__main.o)
    0x080000c8   0x080000c8   0x0000003c   Code   RO         1351    !!!scatter          c_p.l(__scatter.o)
    0x08000104   0x08000104   0x0000001a   Code   RO         1353    !!handler_copy      c_p.l(__scatter_copy.o)
    0x0800011e   0x0800011e   0x00000002   PAD
    0x08000120   0x08000120   0x0000001c   Code   RO         1355    !!handler_zi        c_p.l(__scatter_zi.o)
    0x0800013c   0x0800013c   0x00000002   Code   RO         1212    .ARM.Collect$$libinit$$00000000  c_p.l(libinit.o)
    0x0800013e   0x0800013e   0x00000000   Code   RO         1226    .ARM.Collect$$libinit$$00000002  c_p.l(libinit2.o)
    0x0800013e   0x0800013e   0x00000000   Code   RO         1228    .ARM.Collect$$libinit$$00000004  c_p.l(libinit2.o)
    0x0800013e   0x0800013e   0x00000000   Code   RO         1230    .ARM.Collect$$libinit$$00000006  c_p.l(libinit2.o)
    0x0800013e   0x0800013e   0x00000000   Code   RO         1233    .ARM.Collect$$libinit$$0000000C  c_p.l(libinit2.o)
    0x0800013e   0x0800013e   0x00000000   Code   RO         1235    .ARM.Collect$$libinit$$0000000E  c_p.l(libinit2.o)
    0x0800013e   0x0800013e   0x00000000   Code   RO         1237    .ARM.Collect$$libinit$$00000010  c_p.l(libinit2.o)
    0x0800013e   0x0800013e   0x00000000   Code   RO         1240    .ARM.Collect$$libinit$$00000013  c_p.l(libinit2.o)
    0x0800013e   0x0800013e   0x00000000   Code   RO         1242    .ARM.Collect$$libinit$$00000015  c_p.l(libinit2.o)
    0x0800013e   0x0800013e   0x00000000   Code   RO         1244    .ARM.Collect$$libinit$$00000017  c_p.l(libinit2.o)
    0x0800013e   0x0800013e   0x00000000   Code   RO         1246    .ARM.Collect$$libinit$$00000019  c_p.l(libinit2.o)
    0x0800013e   0x0800013e   0x00000000   Code   RO         1248    .ARM.Collect$$libinit$$0000001B  c_p.l(libinit2.o)
    0x0800013e   0x0800013e   0x00000000   Code   RO         1250    .ARM.Collect$$libinit$$0000001D  c_p.l(libinit2.o)
    0x0800013e   0x0800013e   0x00000000   Code   RO         1252    .ARM.Collect$$libinit$$0000001F  c_p.l(libinit2.o)
    0x0800013e   0x0800013e   0x00000000   Code   RO         1254    .ARM.Collect$$libinit$$00000021  c_p.l(libinit2.o)
    0x0800013e   0x0800013e   0x00000000   Code   RO         1256    .ARM.Collect$$libinit$$00000023  c_p.l(libinit2.o)
    0x0800013e   0x0800013e   0x00000000   Code   RO         1258    .ARM.Collect$$libinit$$00000025  c_p.l(libinit2.o)
    0x0800013e   0x0800013e   0x00000000   Code   RO         1260    .ARM.Collect$$libinit$$00000027  c_p.l(libinit2.o)
    0x0800013e   0x0800013e   0x00000000   Code   RO         1264    .ARM.Collect$$libinit$$0000002E  c_p.l(libinit2.o)
    0x0800013e   0x0800013e   0x00000000   Code   RO         1266    .ARM.Collect$$libinit$$00000030  c_p.l(libinit2.o)
    0x0800013e   0x0800013e   0x00000000   Code   RO         1268    .ARM.Collect$$libinit$$00000032  c_p.l(libinit2.o)
    0x0800013e   0x0800013e   0x00000000   Code   RO         1270    .ARM.Collect$$libinit$$00000034  c_p.l(libinit2.o)
    0x0800013e   0x0800013e   0x00000002   Code   RO         1271    .ARM.Collect$$libinit$$00000035  c_p.l(libinit2.o)
    0x08000140   0x08000140   0x00000002   Code   RO         1306    .ARM.Collect$$libshutdown$$00000000  c_p.l(libshutdown.o)
    0x08000142   0x08000142   0x00000000   Code   RO         1334    .ARM.Collect$$libshutdown$$00000002  c_p.l(libshutdown2.o)
    0x08000142   0x08000142   0x00000000   Code   RO         1336    .ARM.Collect$$libshutdown$$00000004  c_p.l(libshutdown2.o)
    0x08000142   0x08000142   0x00000000   Code   RO         1339    .ARM.Collect$$libshutdown$$00000007  c_p.l(libshutdown2.o)
    0x08000142   0x08000142   0x00000000   Code   RO         1342    .ARM.Collect$$libshutdown$$0000000A  c_p.l(libshutdown2.o)
    0x08000142   0x08000142   0x00000000   Code   RO         1344    .ARM.Collect$$libshutdown$$0000000C  c_p.l(libshutdown2.o)
    0x08000142   0x08000142   0x00000000   Code   RO         1347    .ARM.Collect$$libshutdown$$0000000F  c_p.l(libshutdown2.o)
    0x08000142   0x08000142   0x00000002   Code   RO         1348    .ARM.Collect$$libshutdown$$00000010  c_p.l(libshutdown2.o)
    0x08000144   0x08000144   0x00000000   Code   RO         1175    .ARM.Collect$$rtentry$$00000000  c_p.l(__rtentry.o)
    0x08000144   0x08000144   0x00000000   Code   RO         1182    .ARM.Collect$$rtentry$$00000002  c_p.l(__rtentry2.o)
    0x08000144   0x08000144   0x00000006   Code   RO         1194    .ARM.Collect$$rtentry$$00000004  c_p.l(__rtentry4.o)
    0x0800014a   0x0800014a   0x00000000   Code   RO         1184    .ARM.Collect$$rtentry$$00000009  c_p.l(__rtentry2.o)
    0x0800014a   0x0800014a   0x00000004   Code   RO         1185    .ARM.Collect$$rtentry$$0000000A  c_p.l(__rtentry2.o)
    0x0800014e   0x0800014e   0x00000000   Code   RO         1187    .ARM.Collect$$rtentry$$0000000C  c_p.l(__rtentry2.o)
    0x0800014e   0x0800014e   0x00000008   Code   RO         1188    .ARM.Collect$$rtentry$$0000000D  c_p.l(__rtentry2.o)
    0x08000156   0x08000156   0x00000002   Code   RO         1217    .ARM.Collect$$rtexit$$00000000  c_p.l(rtexit.o)
    0x08000158   0x08000158   0x00000000   Code   RO         1277    .ARM.Collect$$rtexit$$00000002  c_p.l(rtexit2.o)
    0x08000158   0x08000158   0x00000004   Code   RO         1278    .ARM.Collect$$rtexit$$00000003  c_p.l(rtexit2.o)
    0x0800015c   0x0800015c   0x00000006   Code   RO         1279    .ARM.Collect$$rtexit$$00000004  c_p.l(rtexit2.o)
    0x08000162   0x08000162   0x00000002   PAD
    0x08000164   0x08000164   0x00000038   Code   RO            4    .text               startup_stm32f072xb.o
    0x0800019c   0x0800019c   0x00000006   Code   RO         1162    .text               c_p.l(heapauxi.o)
    0x080001a2   0x080001a2   0x0000003e   Code   RO         1198    .text               c_p.l(sys_stackheap_outer.o)
    0x080001e0   0x080001e0   0x00000010   Code   RO         1201    .text               c_p.l(exit.o)
    0x080001f0   0x080001f0   0x00000008   Code   RO         1213    .text               c_p.l(libspace.o)
    0x080001f8   0x080001f8   0x0000000c   Code   RO         1272    .text               c_p.l(sys_exit.o)
    0x08000204   0x08000204   0x00000002   Code   RO         1295    .text               c_p.l(use_no_semi.o)
    0x08000206   0x08000206   0x00000000   Code   RO         1297    .text               c_p.l(indicate_semi.o)
    0x08000206   0x08000206   0x00000002   PAD
    0x08000208   0x08000208   0x00000010   Code   RO           87    .text.CS2_RESET     spi.o
    0x08000218   0x08000218   0x00000010   Code   RO           85    .text.CS2_SET       spi.o
    0x08000228   0x08000228   0x00000170   Code   RO           45    .text.ClearPixel_12864  lcd_nhl.o
    0x08000398   0x08000398   0x000007cc   Code   RO           49    .text.Clear_text_Back  lcd_nhl.o
    0x08000b64   0x08000b64   0x00000008   Code   RO          105    .text.Error_Handler  main.o
    0x08000b6c   0x08000b6c   0x00000042   Code   RO          624    .text.HAL_DMA_Abort_IT  stm32f0xx_hal_dma.o
    0x08000bae   0x08000bae   0x00000002   PAD
    0x08000bb0   0x08000bb0   0x00000020   Code   RO          380    .text.HAL_Delay     stm32f0xx_hal.o
    0x08000bd0   0x08000bd0   0x00000194   Code   RO          590    .text.HAL_GPIO_Init  stm32f0xx_hal_gpio.o
    0x08000d64   0x08000d64   0x00000010   Code   RO          596    .text.HAL_GPIO_WritePin  stm32f0xx_hal_gpio.o
    0x08000d74   0x08000d74   0x00000008   Code   RO          372    .text.HAL_GetTick   stm32f0xx_hal.o
    0x08000d7c   0x08000d7c   0x00000014   Code   RO          370    .text.HAL_IncTick   stm32f0xx_hal.o
    0x08000d90   0x08000d90   0x0000001c   Code   RO          360    .text.HAL_Init      stm32f0xx_hal.o
    0x08000dac   0x08000dac   0x00000040   Code   RO          362    .text.HAL_InitTick  stm32f0xx_hal.o
    0x08000dec   0x08000dec   0x0000002c   Code   RO          150    .text.HAL_MspInit   stm32f0xx_hal_msp.o
    0x08000e18   0x08000e18   0x00000018   Code   RO          648    .text.HAL_NVIC_EnableIRQ  stm32f0xx_hal_cortex.o
    0x08000e30   0x08000e30   0x00000038   Code   RO          646    .text.HAL_NVIC_SetPriority  stm32f0xx_hal_cortex.o
    0x08000e68   0x08000e68   0x0000017c   Code   RO          297    .text.HAL_RCC_ClockConfig  stm32f0xx_hal_rcc.o
    0x08000fe4   0x08000fe4   0x000004a8   Code   RO          295    .text.HAL_RCC_OscConfig  stm32f0xx_hal_rcc.o
    0x0800148c   0x0800148c   0x00000002   Code   RO          252    .text.HAL_SPI_ErrorCallback  stm32f0xx_hal_spi.o
    0x0800148e   0x0800148e   0x00000002   PAD
    0x08001490   0x08001490   0x00000168   Code   RO          248    .text.HAL_SPI_IRQHandler  stm32f0xx_hal_spi.o
    0x080015f8   0x080015f8   0x000000f8   Code   RO          168    .text.HAL_SPI_Init  stm32f0xx_hal_spi.o
    0x080016f0   0x080016f0   0x00000104   Code   RO          152    .text.HAL_SPI_MspInit  stm32f0xx_hal_msp.o
    0x080017f4   0x080017f4   0x0000021c   Code   RO          176    .text.HAL_SPI_Transmit  stm32f0xx_hal_spi.o
    0x08001a10   0x08001a10   0x00000034   Code   RO          654    .text.HAL_SYSTICK_Config  stm32f0xx_hal_cortex.o
    0x08001a44   0x08001a44   0x00000002   Code   RO         1122    .text.HAL_TIMEx_BreakCallback  stm32f0xx_hal_tim_ex.o
    0x08001a46   0x08001a46   0x00000002   Code   RO         1118    .text.HAL_TIMEx_CommutCallback  stm32f0xx_hal_tim_ex.o
    0x08001a48   0x08001a48   0x0000005c   Code   RO         1112    .text.HAL_TIMEx_MasterConfigSynchronization  stm32f0xx_hal_tim_ex.o
    0x08001aa4   0x08001aa4   0x000000f0   Code   RO          817    .text.HAL_TIM_Base_Init  stm32f0xx_hal_tim.o
    0x08001b94   0x08001b94   0x00000090   Code   RO          156    .text.HAL_TIM_Base_MspInit  stm32f0xx_hal_msp.o
    0x08001c24   0x08001c24   0x00000054   Code   RO          827    .text.HAL_TIM_Base_Start  stm32f0xx_hal_tim.o
    0x08001c78   0x08001c78   0x00000068   Code   RO          831    .text.HAL_TIM_Base_Start_IT  stm32f0xx_hal_tim.o
    0x08001ce0   0x08001ce0   0x0000015c   Code   RO          997    .text.HAL_TIM_ConfigClockSource  stm32f0xx_hal_tim.o
    0x08001e3c   0x08001e3c   0x00000040   Code   RO          109    .text.HAL_TIM_IC_CaptureCallback  main.o
    0x08001e7c   0x08001e7c   0x00000194   Code   RO          967    .text.HAL_TIM_IC_ConfigChannel  stm32f0xx_hal_tim.o
    0x08002010   0x08002010   0x000000f0   Code   RO          891    .text.HAL_TIM_IC_Init  stm32f0xx_hal_tim.o
    0x08002100   0x08002100   0x00000002   Code   RO          893    .text.HAL_TIM_IC_MspInit  stm32f0xx_hal_tim.o
    0x08002102   0x08002102   0x00000002   PAD
    0x08002104   0x08002104   0x000000e4   Code   RO          903    .text.HAL_TIM_IC_Start_IT  stm32f0xx_hal_tim.o
    0x080021e8   0x080021e8   0x00000148   Code   RO          951    .text.HAL_TIM_IRQHandler  stm32f0xx_hal_tim.o
    0x08002330   0x08002330   0x00000002   Code   RO          955    .text.HAL_TIM_OC_DelayElapsedCallback  stm32f0xx_hal_tim.o
    0x08002332   0x08002332   0x00000002   Code   RO          957    .text.HAL_TIM_PWM_PulseFinishedCallback  stm32f0xx_hal_tim.o
    0x08002334   0x08002334   0x00000010   Code   RO          111    .text.HAL_TIM_PeriodElapsedCallback  main.o
    0x08002344   0x08002344   0x00000002   Code   RO          961    .text.HAL_TIM_TriggerCallback  stm32f0xx_hal_tim.o
    0x08002346   0x08002346   0x00000002   Code   RO          127    .text.HardFault_Handler  stm32f0xx_it.o
    0x08002348   0x08002348   0x0000004c   Code   RO           77    .text.MX_SPI1_Init  spi.o
    0x08002394   0x08002394   0x00000054   Code   RO           79    .text.MX_SPI2_Init  spi.o
    0x080023e8   0x080023e8   0x000003f8   Code   RO           41    .text.NHD12864WDY3_Init  lcd_nhl.o
    0x080027e0   0x080027e0   0x00000002   Code   RO          125    .text.NMI_Handler   stm32f0xx_it.o
    0x080027e2   0x080027e2   0x00000002   Code   RO          131    .text.PendSV_Handler  stm32f0xx_it.o
    0x080027e4   0x080027e4   0x00000010   Code   RO          139    .text.SPI1_IRQHandler  stm32f0xx_it.o
    0x080027f4   0x080027f4   0x00000010   Code   RO          141    .text.SPI2_IRQHandler  stm32f0xx_it.o
    0x08002804   0x08002804   0x00000012   Code   RO          250    .text.SPI_DMAAbortOnError  stm32f0xx_hal_spi.o
    0x08002816   0x08002816   0x00000002   PAD
    0x08002818   0x08002818   0x00000160   Code   RO          230    .text.SPI_WaitFifoStateUntilTimeout  stm32f0xx_hal_spi.o
    0x08002978   0x08002978   0x000000d0   Code   RO          232    .text.SPI_WaitFlagStateUntilTimeout  stm32f0xx_hal_spi.o
    0x08002a48   0x08002a48   0x00000002   Code   RO          129    .text.SVC_Handler   stm32f0xx_it.o
    0x08002a4a   0x08002a4a   0x00000002   PAD
    0x08002a4c   0x08002a4c   0x00000030   Code   RO           37    .text.Set_Write_RAM_12864  lcd_nhl.o
    0x08002a7c   0x08002a7c   0x00000008   Code   RO          133    .text.SysTick_Handler  stm32f0xx_it.o
    0x08002a84   0x08002a84   0x00000002   Code   RO         1136    .text.SystemInit    system_stm32f0xx.o
    0x08002a86   0x08002a86   0x00000002   PAD
    0x08002a88   0x08002a88   0x0000000c   Code   RO          135    .text.TIM2_IRQHandler  stm32f0xx_it.o
    0x08002a94   0x08002a94   0x00000010   Code   RO          137    .text.TIM3_IRQHandler  stm32f0xx_it.o
    0x08002aa4   0x08002aa4   0x00000034   Code   RO           29    .text.lcd_send_data  lcd_nhl.o
    0x08002ad8   0x08002ad8   0x0000028c   Code   RO          101    .text.main          main.o
    0x08002d64   0x08002d64   0x00000104   Code   RO           51    .text.set_cursor    lcd_nhl.o
    0x08002e68   0x08002e68   0x00000144   Code   RO           14    .text.write_char    functions.o
    0x08002fac   0x08002fac   0x00000052   Code   RO           16    .text.write_text    functions.o
    0x08002ffe   0x08002ffe   0x000001f6   Code   RO         1155    .text_divfast       c_p.l(aeabi_sdivfast.o)
    0x080031f4   0x080031f4   0x00000010   Data   RO         1141    .rodata.AHBPrescTable  system_stm32f0xx.o
    0x08003204   0x08003204   0x00000020   Data   RO          319    .rodata.cst16       stm32f0xx_hal_rcc.o
    0x08003224   0x08003224   0x00000020   Data   RO         1037    .rodata.cst16       stm32f0xx_hal_tim.o
    0x08003244   0x08003244   0x00000474   Data   RO           18    .rodata.font        functions.o
    0x080036b8   0x080036b8   0x00000002   Data   RO          114    .rodata.str1.1      main.o
    0x080036ba   0x080036ba   0x00000002   PAD
    0x080036bc   0x080036bc   0x00000020   Data   RO         1350    Region$$Table       anon$$obj.o


    Execution Region RW_IRAM1 (Exec base: 0x20000000, Load base: 0x080036e0, Size: 0x000007e0, Max: 0x00004000, ABSOLUTE)

    Exec Addr    Load Addr    Size         Type   Attr      Idx    E Section Name        Object

    0x20000000   0x080036e0   0x00000008   Data   RW          407    .data..L_MergedGlobals  stm32f0xx_hal.o
    0x20000008   0x080036e8   0x00000004   Data   RW         1140    .data.SystemCoreClock  system_stm32f0xx.o
    0x2000000c   0x080036ec   0x00000004   PAD
    0x20000010        -       0x00000060   Zero   RW         1214    .bss                c_p.l(libspace.o)
    0x20000070        -       0x00000058   Zero   RW          116    .bss..L_MergedGlobals  main.o
    0x200000c8        -       0x00000064   Zero   RW           91    .bss.hspi1          spi.o
    0x2000012c        -       0x00000064   Zero   RW           92    .bss.hspi2          spi.o
    0x20000190        -       0x00000048   Zero   RW          113    .bss.htim2          main.o
    0x200001d8        -       0x00000004   Zero   RW          406    .bss.uwTick         stm32f0xx_hal.o
    0x200001dc   0x080036ec   0x00000004   PAD
    0x200001e0        -       0x00000200   Zero   RW            2    HEAP                startup_stm32f072xb.o
    0x200003e0        -       0x00000400   Zero   RW            1    STACK               startup_stm32f072xb.o


==============================================================================

Image component sizes


      Code (inc. data)   RO Data    RW Data    ZI Data      Debug   Object Name

       406          4       1140          0          0       2671   functions.o
      3740         52          0          0          0      15112   lcd_nhl.o
       740         40          2          0        160       7910   main.o
       192         16          0          0        200       4782   spi.o
        56         26        192          0       1536        604   startup_stm32f072xb.o
       152          8          0          8          4       5352   stm32f0xx_hal.o
       132         24          0          0          0       5579   stm32f0xx_hal_cortex.o
        66          0          0          0          0       8070   stm32f0xx_hal_dma.o
       420         12          0          0          0       4918   stm32f0xx_hal_gpio.o
       448         28          0          0          0       7424   stm32f0xx_hal_msp.o
      1572         48         32          0          0       8290   stm32f0xx_hal_rcc.o
      1728         12          0          0          0      27003   stm32f0xx_hal_spi.o
      1984        104         32          0          0      62459   stm32f0xx_hal_tim.o
        96          0          0          0          0      22649   stm32f0xx_hal_tim_ex.o
        76         12          0          0          0       2177   stm32f0xx_it.o
         2          0         16          4          0       1708   system_stm32f0xx.o

    ----------------------------------------------------------------------
     11822        386       1448         12       1908     186708   Object Totals
         0          0         32          0          0          0   (incl. Generated)
        12          0          2          0          8          0   (incl. Padding)

    ----------------------------------------------------------------------

      Code (inc. data)   RO Data    RW Data    ZI Data      Debug   Library Member Name

         8          0          0          0          0         68   __main.o
         0          0          0          0          0          0   __rtentry.o
        12          0          0          0          0          0   __rtentry2.o
         6          0          0          0          0          0   __rtentry4.o
        60          8          0          0          0          0   __scatter.o
        26          0          0          0          0          0   __scatter_copy.o
        28          0          0          0          0          0   __scatter_zi.o
       502          0          0          0          0         92   aeabi_sdivfast.o
        16          0          0          0          0         68   exit.o
         6          0          0          0          0        136   heapauxi.o
         0          0          0          0          0          0   indicate_semi.o
         2          0          0          0          0          0   libinit.o
         2          0          0          0          0          0   libinit2.o
         2          0          0          0          0          0   libshutdown.o
         2          0          0          0          0          0   libshutdown2.o
         8          4          0          0         96         68   libspace.o
         2          0          0          0          0          0   rtexit.o
        10          0          0          0          0          0   rtexit2.o
        12          4          0          0          0         60   sys_exit.o
        62          0          0          0          0         80   sys_stackheap_outer.o
         2          0          0          0          0         68   use_no_semi.o

    ----------------------------------------------------------------------
       774         16          0          0         96        640   Library Totals
         6          0          0          0          0          0   (incl. Padding)

    ----------------------------------------------------------------------

      Code (inc. data)   RO Data    RW Data    ZI Data      Debug   Library Name

       768         16          0          0         96        640   c_p.l

    ----------------------------------------------------------------------
       774         16          0          0         96        640   Library Totals

    ----------------------------------------------------------------------

==============================================================================


      Code (inc. data)   RO Data    RW Data    ZI Data      Debug   

     12596        402       1448         12       2004     186924   Grand Totals
     12596        402       1448         12       2004     186924   ELF Image Totals
     12596        402       1448         12          0          0   ROM Totals

==============================================================================

    Total RO  Size (Code + RO Data)                14044 (  13.71kB)
    Total RW  Size (RW Data + ZI Data)              2016 (   1.97kB)
    Total ROM Size (Code + RO Data + RW Data)      14056 (  13.73kB)

==============================================================================

